Archive member included because of file (symbol)

/usr/local/gcc-arm-none-eabi-4_9-2015q3/bin/../lib/gcc/arm-none-eabi/4.9.3/../../../../arm-none-eabi/lib/armv7e-m/fpu/libg.a(lib_a-exit.o)
                              /usr/local/gcc-arm-none-eabi-4_9-2015q3/bin/../lib/gcc/arm-none-eabi/4.9.3/../../../../arm-none-eabi/lib/armv7e-m/fpu/crt0.o (exit)
/usr/local/gcc-arm-none-eabi-4_9-2015q3/bin/../lib/gcc/arm-none-eabi/4.9.3/../../../../arm-none-eabi/lib/armv7e-m/fpu/libg.a(lib_a-impure.o)
                              /usr/local/gcc-arm-none-eabi-4_9-2015q3/bin/../lib/gcc/arm-none-eabi/4.9.3/../../../../arm-none-eabi/lib/armv7e-m/fpu/libg.a(lib_a-exit.o) (_global_impure_ptr)
/usr/local/gcc-arm-none-eabi-4_9-2015q3/bin/../lib/gcc/arm-none-eabi/4.9.3/../../../../arm-none-eabi/lib/armv7e-m/fpu/libg.a(lib_a-init.o)
                              /usr/local/gcc-arm-none-eabi-4_9-2015q3/bin/../lib/gcc/arm-none-eabi/4.9.3/../../../../arm-none-eabi/lib/armv7e-m/fpu/crt0.o (__libc_init_array)
/usr/local/gcc-arm-none-eabi-4_9-2015q3/bin/../lib/gcc/arm-none-eabi/4.9.3/../../../../arm-none-eabi/lib/armv7e-m/fpu/libg.a(lib_a-memcpy.o)
                              ./Generated_Code/queue.o (memcpy)
/usr/local/gcc-arm-none-eabi-4_9-2015q3/bin/../lib/gcc/arm-none-eabi/4.9.3/../../../../arm-none-eabi/lib/armv7e-m/fpu/libg.a(lib_a-memset.o)
                              /usr/local/gcc-arm-none-eabi-4_9-2015q3/bin/../lib/gcc/arm-none-eabi/4.9.3/../../../../arm-none-eabi/lib/armv7e-m/fpu/crt0.o (memset)
/usr/local/gcc-arm-none-eabi-4_9-2015q3/bin/../lib/gcc/arm-none-eabi/4.9.3/../../../../arm-none-eabi/lib/armv7e-m/fpu/libg.a(lib_a-setjmp.o)
                              ./Generated_Code/port.o (setjmp)
/usr/local/gcc-arm-none-eabi-4_9-2015q3/bin/../lib/gcc/arm-none-eabi/4.9.3/../../../../arm-none-eabi/lib/armv7e-m/fpu/libg.a(lib_a-strchr.o)
                              ./Generated_Code/UTIL1.o (strchr)
/usr/local/gcc-arm-none-eabi-4_9-2015q3/bin/../lib/gcc/arm-none-eabi/4.9.3/../../../../arm-none-eabi/lib/armv7e-m/fpu/libg.a(lib_a-strlen.o)
                              ./Generated_Code/UTIL1.o (strlen)
/usr/local/gcc-arm-none-eabi-4_9-2015q3/bin/../lib/gcc/arm-none-eabi/4.9.3/../../../../arm-none-eabi/lib/armv7e-m/fpu/libg.a(lib_a-strncmp.o)
                              ./Generated_Code/UTIL1.o (strncmp)
/usr/local/gcc-arm-none-eabi-4_9-2015q3/bin/../lib/gcc/arm-none-eabi/4.9.3/../../../../arm-none-eabi/lib/armv7e-m/fpu/libg.a(lib_a-__call_atexit.o)
                              /usr/local/gcc-arm-none-eabi-4_9-2015q3/bin/../lib/gcc/arm-none-eabi/4.9.3/../../../../arm-none-eabi/lib/armv7e-m/fpu/libg.a(lib_a-exit.o) (__call_exitprocs)
/usr/local/gcc-arm-none-eabi-4_9-2015q3/bin/../lib/gcc/arm-none-eabi/4.9.3/../../../../arm-none-eabi/lib/armv7e-m/fpu/libg.a(lib_a-atexit.o)
                              /usr/local/gcc-arm-none-eabi-4_9-2015q3/bin/../lib/gcc/arm-none-eabi/4.9.3/../../../../arm-none-eabi/lib/armv7e-m/fpu/libg.a(lib_a-__call_atexit.o) (atexit)
/usr/local/gcc-arm-none-eabi-4_9-2015q3/bin/../lib/gcc/arm-none-eabi/4.9.3/../../../../arm-none-eabi/lib/armv7e-m/fpu/libg.a(lib_a-fini.o)
                              /usr/local/gcc-arm-none-eabi-4_9-2015q3/bin/../lib/gcc/arm-none-eabi/4.9.3/../../../../arm-none-eabi/lib/armv7e-m/fpu/libg.a(lib_a-__call_atexit.o) (__libc_fini_array)
/usr/local/gcc-arm-none-eabi-4_9-2015q3/bin/../lib/gcc/arm-none-eabi/4.9.3/../../../../arm-none-eabi/lib/armv7e-m/fpu/libg.a(lib_a-__atexit.o)
                              /usr/local/gcc-arm-none-eabi-4_9-2015q3/bin/../lib/gcc/arm-none-eabi/4.9.3/../../../../arm-none-eabi/lib/armv7e-m/fpu/libg.a(lib_a-atexit.o) (__register_exitproc)

Allocating common symbols
Common symbol       size              file

pxCoRoutineWoken    0x4               ./Sources/main.o
pvBuffer            0x4               ./Sources/main.o
SR_reg              0x1               ./Static_Code/System/CPU_Init.o

Discarded input sections

 .text          0x00000000        0x0 /usr/local/gcc-arm-none-eabi-4_9-2015q3/bin/../lib/gcc/arm-none-eabi/4.9.3/armv7e-m/fpu/crti.o
 .data          0x00000000        0x0 /usr/local/gcc-arm-none-eabi-4_9-2015q3/bin/../lib/gcc/arm-none-eabi/4.9.3/armv7e-m/fpu/crti.o
 .bss           0x00000000        0x0 /usr/local/gcc-arm-none-eabi-4_9-2015q3/bin/../lib/gcc/arm-none-eabi/4.9.3/armv7e-m/fpu/crti.o
 .data          0x00000000        0x4 /usr/local/gcc-arm-none-eabi-4_9-2015q3/bin/../lib/gcc/arm-none-eabi/4.9.3/armv7e-m/fpu/crtbegin.o
 .text          0x00000000       0x74 /usr/local/gcc-arm-none-eabi-4_9-2015q3/bin/../lib/gcc/arm-none-eabi/4.9.3/../../../../arm-none-eabi/lib/armv7e-m/fpu/crt0.o
 .data          0x00000000        0x0 /usr/local/gcc-arm-none-eabi-4_9-2015q3/bin/../lib/gcc/arm-none-eabi/4.9.3/../../../../arm-none-eabi/lib/armv7e-m/fpu/crt0.o
 .bss           0x00000000        0x0 /usr/local/gcc-arm-none-eabi-4_9-2015q3/bin/../lib/gcc/arm-none-eabi/4.9.3/../../../../arm-none-eabi/lib/armv7e-m/fpu/crt0.o
[...]
Memory Configuration

Name             Origin             Length             Attributes
m_interrupts     0x00000000         0x00000198         xr
m_text           0x00000410         0x000ffbf0         xr
m_data_1FFF0000  0x1fff0000         0x00010000         rw
m_data           0x20000000         0x00030000         rw
m_cfmprotrom     0x00000400         0x00000010         xr
*default*        0x00000000         0xffffffff

Linker script and memory map

LOAD /usr/local/gcc-arm-none-eabi-4_9-2015q3/bin/../lib/gcc/arm-none-eabi/4.9.3/armv7e-m/fpu/crti.o
LOAD /usr/local/gcc-arm-none-eabi-4_9-2015q3/bin/../lib/gcc/arm-none-eabi/4.9.3/armv7e-m/fpu/crtbegin.o
LOAD /usr/local/gcc-arm-none-eabi-4_9-2015q3/bin/../lib/gcc/arm-none-eabi/4.9.3/../../../../arm-none-eabi/lib/armv7e-m/fpu/crt0.o
LOAD ./Static_Code/System/CPU_Init.o
LOAD ./Static_Code/System/Peripherals_Init.o
LOAD ./Static_Code/System/Vectors.o
LOAD ./Static_Code/Peripherals/ADC0_Init.o
LOAD ./Static_Code/Peripherals/ADC1_Init.o
LOAD ./Static_Code/Peripherals/AIPS0_Init.o
LOAD ./Static_Code/Peripherals/AIPS1_Init.o
LOAD ./Static_Code/Peripherals/AXBS_Init.o
LOAD ./Static_Code/Peripherals/CAN0_Init.o
LOAD ./Static_Code/Peripherals/CMP0_Init.o
LOAD ./Static_Code/Peripherals/CMP1_Init.o
LOAD ./Static_Code/Peripherals/CMP2_Init.o
LOAD ./Static_Code/Peripherals/CMT_Init.o
LOAD ./Static_Code/Peripherals/CRC_Init.o
LOAD ./Static_Code/Peripherals/DAC0_Init.o
LOAD ./Static_Code/Peripherals/DAC1_Init.o
LOAD ./Static_Code/Peripherals/DMAMUX_Init.o
LOAD ./Static_Code/Peripherals/DMA_Init.o
LOAD ./Static_Code/Peripherals/ENET_Init.o
LOAD ./Static_Code/Peripherals/EWM_Init.o
LOAD ./Static_Code/Peripherals/FB_Init.o
LOAD ./Static_Code/Peripherals/FMC_Init.o
LOAD ./Static_Code/Peripherals/FTFE_Init.o
LOAD ./Static_Code/Peripherals/FTM0_Init.o
LOAD ./Static_Code/Peripherals/FTM1_Init.o
LOAD ./Static_Code/Peripherals/FTM2_Init.o
LOAD ./Static_Code/Peripherals/FTM3_Init.o
LOAD ./Static_Code/Peripherals/I2C0_Init.o
LOAD ./Static_Code/Peripherals/I2C1_Init.o
LOAD ./Static_Code/Peripherals/I2C2_Init.o
LOAD ./Static_Code/Peripherals/I2S0_Init.o
LOAD ./Static_Code/Peripherals/LLWU_Init.o
LOAD ./Static_Code/Peripherals/LPTMR0_Init.o
LOAD ./Static_Code/Peripherals/MCM_Init.o
LOAD ./Static_Code/Peripherals/MPU_Init.o
LOAD ./Static_Code/Peripherals/NVIC_Init.o
LOAD ./Static_Code/Peripherals/PDB0_Init.o
LOAD ./Static_Code/Peripherals/PIT_Init.o
LOAD ./Static_Code/Peripherals/PMC_Init.o
LOAD ./Static_Code/Peripherals/PORTA_Init.o
LOAD ./Static_Code/Peripherals/PORTB_Init.o
LOAD ./Static_Code/Peripherals/PORTC_Init.o
LOAD ./Static_Code/Peripherals/PORTD_Init.o
LOAD ./Static_Code/Peripherals/PORTE_Init.o
LOAD ./Static_Code/Peripherals/PTA_Init.o
LOAD ./Static_Code/Peripherals/PTB_Init.o
LOAD ./Static_Code/Peripherals/PTC_Init.o
LOAD ./Static_Code/Peripherals/PTD_Init.o
LOAD ./Static_Code/Peripherals/PTE_Init.o
LOAD ./Static_Code/Peripherals/RCM_Init.o
LOAD ./Static_Code/Peripherals/RNG_Init.o
LOAD ./Static_Code/Peripherals/RTC_Init.o
LOAD ./Static_Code/Peripherals/SDHC_Init.o
LOAD ./Static_Code/Peripherals/SIM_Init.o
LOAD ./Static_Code/Peripherals/SMC_Init.o
LOAD ./Static_Code/Peripherals/SPI0_Init.o
LOAD ./Static_Code/Peripherals/SPI1_Init.o
LOAD ./Static_Code/Peripherals/SPI2_Init.o
LOAD ./Static_Code/Peripherals/SysTick_Init.o
LOAD ./Static_Code/Peripherals/SystemControl_Init.o
LOAD ./Static_Code/Peripherals/UART0_Init.o
LOAD ./Static_Code/Peripherals/UART1_Init.o
LOAD ./Static_Code/Peripherals/UART2_Init.o
LOAD ./Static_Code/Peripherals/UART3_Init.o
LOAD ./Static_Code/Peripherals/UART4_Init.o
LOAD ./Static_Code/Peripherals/UART5_Init.o
LOAD ./Static_Code/Peripherals/USB0_Init.o
LOAD ./Static_Code/Peripherals/USBDCD_Init.o
LOAD ./Static_Code/Peripherals/VREF_Init.o
LOAD ./Static_Code/Peripherals/WDOG_Init.o
LOAD ./Sources/Events.o
LOAD ./Sources/main.o
LOAD ./Project_Settings/Startup_Code/startup.o
LOAD ./Generated_Code/Cpu.o
LOAD ./Generated_Code/FRTOS1.o
LOAD ./Generated_Code/PE_LDD.o
LOAD ./Generated_Code/SlowSchedulerTimer.o
LOAD ./Generated_Code/TU1.o
LOAD ./Generated_Code/TU2.o
LOAD ./Generated_Code/ThreadReaderTimer.o
LOAD ./Generated_Code/TimerIntLdd1.o
LOAD ./Generated_Code/TimerIntLdd2.o
LOAD ./Generated_Code/UTIL1.o
LOAD ./Generated_Code/croutine.o
LOAD ./Generated_Code/event_groups.o
LOAD ./Generated_Code/heap_1.o
LOAD ./Generated_Code/heap_2.o
LOAD ./Generated_Code/heap_3.o
LOAD ./Generated_Code/heap_4.o
LOAD ./Generated_Code/heap_5.o
LOAD ./Generated_Code/list.o
LOAD ./Generated_Code/port.o
LOAD ./Generated_Code/queue.o
LOAD ./Generated_Code/tasks.o
LOAD ./Generated_Code/timers.o
LOAD /usr/local/gcc-arm-none-eabi-4_9-2015q3/bin/../lib/gcc/arm-none-eabi/4.9.3/../../../../arm-none-eabi/lib/armv7e-m/fpu/libstdc++.a
LOAD /usr/local/gcc-arm-none-eabi-4_9-2015q3/bin/../lib/gcc/arm-none-eabi/4.9.3/../../../../arm-none-eabi/lib/armv7e-m/fpu/libm.a
START GROUP
LOAD /usr/local/gcc-arm-none-eabi-4_9-2015q3/bin/../lib/gcc/arm-none-eabi/4.9.3/armv7e-m/fpu/libgcc.a
LOAD /usr/local/gcc-arm-none-eabi-4_9-2015q3/bin/../lib/gcc/arm-none-eabi/4.9.3/../../../../arm-none-eabi/lib/armv7e-m/fpu/libg.a
LOAD /usr/local/gcc-arm-none-eabi-4_9-2015q3/bin/../lib/gcc/arm-none-eabi/4.9.3/../../../../arm-none-eabi/lib/armv7e-m/fpu/libc.a
END GROUP
LOAD /usr/local/gcc-arm-none-eabi-4_9-2015q3/bin/../lib/gcc/arm-none-eabi/4.9.3/armv7e-m/fpu/crtend.o
LOAD /usr/local/gcc-arm-none-eabi-4_9-2015q3/bin/../lib/gcc/arm-none-eabi/4.9.3/armv7e-m/fpu/crtn.o
                0x20030000                _estack = 0x20030000
                0x20030000                __SP_INIT = _estack
                0x00000000                __heap_size = 0x0
                0x00000400                __stack_size = 0x400

.interrupts     0x00000000      0x198
                0x00000000                __vector_table = .
                0x00000000                . = ALIGN (0x4)
 *(.vectortable)
 .vectortable   0x00000000      0x198 ./Static_Code/System/Vectors.o
                0x00000000                __vect_table
                0x00000198                . = ALIGN (0x4)

.cfmprotect     0x00000400       0x10
                0x00000400                . = ALIGN (0x4)
 *(.cfmconfig)
 .cfmconfig     0x00000400       0x10 ./Static_Code/System/CPU_Init.o
                0x00000400                _cfm
                0x00000410                . = ALIGN (0x4)

.text           0x00000410     0x1fcc
                0x00000410                . = ALIGN (0x4)
 *(.text)
 .text          0x00000410       0x5c /usr/local/gcc-arm-none-eabi-4_9-2015q3/bin/../lib/gcc/arm-none-eabi/4.9.3/armv7e-m/fpu/crtbegin.o
 .text          0x0000046c       0x1c /usr/local/gcc-arm-none-eabi-4_9-2015q3/bin/../lib/gcc/arm-none-eabi/4.9.3/../../../../arm-none-eabi/lib/armv7e-m/fpu/libg.a(lib_a-setjmp.o)
                0x0000046c                setjmp
                0x00000478                longjmp
 *(.text*)
 .text.CPU_SetBASEPRI
                0x00000488       0x18 ./Static_Code/System/CPU_Init.o
                0x00000488                CPU_SetBASEPRI
 .text.__init_hardware
                0x000004a0       0x84 ./Static_Code/System/CPU_Init.o
                0x000004a0                __init_hardware
 .text.PE_low_level_init
                0x00000524       0x50 ./Static_Code/System/CPU_Init.o
                0x00000524                PE_low_level_init
 .text.CPU_GetClockGenMode
                0x00000574       0x90 ./Static_Code/System/CPU_Init.o
                0x00000574                CPU_GetClockGenMode
 .text.CPU_SetClockConfigGenMode
                0x00000604      0x5a8 ./Static_Code/System/CPU_Init.o
                0x00000604                CPU_SetClockConfigGenMode
 .text.UnhandledInterrupt
                0x00000bac       0x18 ./Static_Code/System/Vectors.o
                0x00000bac                UnhandledInterrupt
 .text.Cpu_OnNMI
                0x00000bc4        0xc ./Sources/Events.o
                0x00000bc4                Cpu_OnNMI
 .text.FRTOS1_vApplicationStackOverflowHook
                0x00000bd0       0x14 ./Sources/Events.o
                0x00000bd0                FRTOS1_vApplicationStackOverflowHook
 .text.FRTOS1_vApplicationTickHook
                0x00000be4        0xc ./Sources/Events.o
                0x00000be4                FRTOS1_vApplicationTickHook
 .text.FRTOS1_vApplicationIdleHook
                0x00000bf0        0xc ./Sources/Events.o
                0x00000bf0                FRTOS1_vApplicationIdleHook
 .text.FRTOS1_vApplicationMallocFailedHook
                0x00000bfc       0x10 ./Sources/Events.o
                0x00000bfc                FRTOS1_vApplicationMallocFailedHook
 .text.SlowSchedulerTimer_OnInterrupt
                0x00000c0c        0xc ./Sources/Events.o
                0x00000c0c                SlowSchedulerTimer_OnInterrupt
 .text.ThreadReaderTimer_OnInterrupt
                0x00000c18        0xc ./Sources/Events.o
                0x00000c18                ThreadReaderTimer_OnInterrupt
 .text.main     0x00000c24       0x10 ./Sources/main.o
                0x00000c24                main
 .text.__flush_cache
                0x00000c34       0x14 ./Project_Settings/Startup_Code/startup.o
                0x00000c34                __flush_cache
 .text.__copy_rom_section
                0x00000c48       0xe4 ./Project_Settings/Startup_Code/startup.o
                0x00000c48                __copy_rom_section
 .text.__copy_rom_sections_to_ram
                0x00000d2c       0xc4 ./Project_Settings/Startup_Code/startup.o
                0x00000d2c                __copy_rom_sections_to_ram
 .text.zero_fill_bss
                0x00000df0       0xb4 ./Project_Settings/Startup_Code/startup.o
 .text.__init_registers
                0x00000ea4        0xc ./Project_Settings/Startup_Code/startup.o
                0x00000ea4                __init_registers
 .text.__init_user
                0x00000eb0        0xc ./Project_Settings/Startup_Code/startup.o
                0x00000eb0                __init_user
 .text.__thumb_startup
                0x00000ebc       0x48 ./Project_Settings/Startup_Code/startup.o
                0x00000ebc                __thumb_startup
 .text.Components_Init
                0x00000f04       0x18 ./Generated_Code/Cpu.o
                0x00000f04                Components_Init
 .text.Cpu_INT_NMIInterrupt
                0x00000f1c       0x1c ./Generated_Code/Cpu.o
                0x00000f1c                Cpu_INT_NMIInterrupt
 .text.TimerIntLdd1_OnInterrupt
                0x00000f38       0x14 ./Generated_Code/SlowSchedulerTimer.o
                0x00000f38                TimerIntLdd1_OnInterrupt
 .text.TU1_Init
                0x00000f4c       0xf8 ./Generated_Code/TU1.o
                0x00000f4c                TU1_Init
 .text.TU1_Interrupt
                0x00001044       0x6c ./Generated_Code/TU1.o
                0x00001044                TU1_Interrupt
 .text.TU2_Init
                0x000010b0       0xd4 ./Generated_Code/TU2.o
                0x000010b0                TU2_Init
 .text.TU2_Interrupt
                0x00001184       0x6c ./Generated_Code/TU2.o
                0x00001184                TU2_Interrupt
 .text.TimerIntLdd2_OnInterrupt
                0x000011f0       0x14 ./Generated_Code/ThreadReaderTimer.o
                0x000011f0                TimerIntLdd2_OnInterrupt
 .text.TimerIntLdd1_Init
                0x00001204       0x50 ./Generated_Code/TimerIntLdd1.o
                0x00001204                TimerIntLdd1_Init
 .text.TU1_OnCounterRestart
                0x00001254       0x24 ./Generated_Code/TimerIntLdd1.o
                0x00001254                TU1_OnCounterRestart
 .text.TimerIntLdd2_Init
                0x00001278       0x50 ./Generated_Code/TimerIntLdd2.o
                0x00001278                TimerIntLdd2_Init
 .text.TU2_OnCounterRestart
                0x000012c8       0x24 ./Generated_Code/TimerIntLdd2.o
                0x000012c8                TU2_OnCounterRestart
 .text.pvPortMalloc
                0x000012ec      0x170 ./Generated_Code/heap_4.o
                0x000012ec                pvPortMalloc
 .text.vPortFree
                0x0000145c       0x9c ./Generated_Code/heap_4.o
                0x0000145c                vPortFree
 .text.prvHeapInit
                0x000014f8       0xc4 ./Generated_Code/heap_4.o
 .text.prvInsertBlockIntoFreeList
                0x000015bc       0xb0 ./Generated_Code/heap_4.o
 .text.vListInitialise
                0x0000166c       0x40 ./Generated_Code/list.o
                0x0000166c                vListInitialise
 .text.vListInitialiseItem
                0x000016ac       0x18 ./Generated_Code/list.o
                0x000016ac                vListInitialiseItem
 .text.vListInsertEnd
                0x000016c4       0x48 ./Generated_Code/list.o
                0x000016c4                vListInsertEnd
 .text.uxListRemove
                0x0000170c       0x54 ./Generated_Code/list.o
                0x0000170c                uxListRemove
 .text.pxPortInitialiseStack
                0x00001760       0x60 ./Generated_Code/port.o
                0x00001760                pxPortInitialiseStack
 .text.vPortInitTickTimer
                0x000017c0       0x40 ./Generated_Code/port.o
                0x000017c0                vPortInitTickTimer
 .text.vPortStartTickTimer
                0x00001800       0x18 ./Generated_Code/port.o
                0x00001800                vPortStartTickTimer
 .text.vPortStopTickTimer
                0x00001818       0x18 ./Generated_Code/port.o
                0x00001818                vPortStopTickTimer
 .text.vPortEnableVFP
                0x00001830       0x1c ./Generated_Code/port.o
                0x00001830                vPortEnableVFP
 .text.xPortStartScheduler
                0x0000184c       0x58 ./Generated_Code/port.o
                0x0000184c                xPortStartScheduler
 .text.vPortEnterCritical
                0x000018a4       0x2c ./Generated_Code/port.o
                0x000018a4                vPortEnterCritical
 .text.vPortExitCritical
                0x000018d0       0x2c ./Generated_Code/port.o
                0x000018d0                vPortExitCritical
 .text.vPortYieldFromISR
                0x000018fc       0x20 ./Generated_Code/port.o
                0x000018fc                vPortYieldFromISR
 .text.vPortTickHandler
                0x0000191c       0x24 ./Generated_Code/port.o
                0x0000191c                vPortTickHandler
 .text.vPortStartFirstTask
                0x00001940       0x20 ./Generated_Code/port.o
                0x00001940                vPortStartFirstTask
 .text.vPortSVCHandler
                0x00001960       0x1c ./Generated_Code/port.o
                0x00001960                vPortSVCHandler
 .text.vPortPendSVHandler
                0x0000197c       0x50 ./Generated_Code/port.o
                0x0000197c                vPortPendSVHandler
 .text.xTaskGenericCreate
                0x000019cc      0x16c ./Generated_Code/tasks.o
                0x000019cc                xTaskGenericCreate
 .text.vTaskStartScheduler
                0x00001b38       0x7c ./Generated_Code/tasks.o
                0x00001b38                vTaskStartScheduler
 .text.vTaskSuspendAll
                0x00001bb4       0x1c ./Generated_Code/tasks.o
                0x00001bb4                vTaskSuspendAll
 .text.xTaskResumeAll
                0x00001bd0      0x110 ./Generated_Code/tasks.o
                0x00001bd0                xTaskResumeAll
 .text.xTaskIncrementTick
                0x00001ce0      0x184 ./Generated_Code/tasks.o
                0x00001ce0                xTaskIncrementTick
 .text.vTaskSwitchContext
                0x00001e64       0xc8 ./Generated_Code/tasks.o
                0x00001e64                vTaskSwitchContext
 .text.prvIdleTask
                0x00001f2c       0x24 ./Generated_Code/tasks.o
 .text.prvInitialiseTCBVariables
                0x00001f50       0xa4 ./Generated_Code/tasks.o
 .text.prvInitialiseTaskLists
                0x00001ff4       0x74 ./Generated_Code/tasks.o
 .text.prvCheckTasksWaitingTermination
                0x00002068        0xc ./Generated_Code/tasks.o
 .text.prvAllocateTCBAndStack
                0x00002074       0x70 ./Generated_Code/tasks.o
 .text.prvResetNextTaskUnblockTime
                0x000020e4       0x48 ./Generated_Code/tasks.o
 .text.memset   0x0000212c       0x9c /usr/local/gcc-arm-none-eabi-4_9-2015q3/bin/../lib/gcc/arm-none-eabi/4.9.3/../../../../arm-none-eabi/lib/armv7e-m/fpu/libg.a(lib_a-memset.o)
                0x0000212c                memset
 .text.startup.register_fini
                0x000021c8       0x14 /usr/local/gcc-arm-none-eabi-4_9-2015q3/bin/../lib/gcc/arm-none-eabi/4.9.3/../../../../arm-none-eabi/lib/armv7e-m/fpu/libg.a(lib_a-__call_atexit.o)
 .text.atexit   0x000021dc        0xc /usr/local/gcc-arm-none-eabi-4_9-2015q3/bin/../lib/gcc/arm-none-eabi/4.9.3/../../../../arm-none-eabi/lib/armv7e-m/fpu/libg.a(lib_a-atexit.o)
                0x000021dc                atexit
 .text.__libc_fini_array
                0x000021e8       0x2c /usr/local/gcc-arm-none-eabi-4_9-2015q3/bin/../lib/gcc/arm-none-eabi/4.9.3/../../../../arm-none-eabi/lib/armv7e-m/fpu/libg.a(lib_a-fini.o)
                0x000021e8                __libc_fini_array
 .text.__register_exitproc
                0x00002214       0xa4 /usr/local/gcc-arm-none-eabi-4_9-2015q3/bin/../lib/gcc/arm-none-eabi/4.9.3/../../../../arm-none-eabi/lib/armv7e-m/fpu/libg.a(lib_a-__atexit.o)
                0x00002214                __register_exitproc
 *(.rodata)
 .rodata        0x000022b8        0x5 ./Generated_Code/tasks.o
 *(.rodata*)
 *fill*         0x000022bd        0x3 
 .rodata.ClockGenModeMatrix
                0x000022c0       0x80 ./Static_Code/System/CPU_Init.o
 .rodata.CPU_ClockConfigDescriptors
                0x00002340       0x1c ./Static_Code/System/CPU_Init.o
 .rodata.CPU_DefaultFEI
                0x0000235c        0x7 ./Static_Code/System/CPU_Init.o
 *fill*         0x00002363        0x1 
 .rodata.CPU_DefaultFBI
                0x00002364        0x7 ./Static_Code/System/CPU_Init.o
 *fill*         0x0000236b        0x1 
 .rodata.CPU_DefaultBLPI
                0x0000236c        0x7 ./Static_Code/System/CPU_Init.o
 *fill*         0x00002373        0x1 
 .rodata.CPU_DefaultFEE
                0x00002374        0x7 ./Static_Code/System/CPU_Init.o
 *fill*         0x0000237b        0x1 
 .rodata.CPU_DefaultFBE
                0x0000237c        0x7 ./Static_Code/System/CPU_Init.o
 *fill*         0x00002383        0x1 
 .rodata.CPU_DefaultBLPE
                0x00002384        0x7 ./Static_Code/System/CPU_Init.o
 *fill*         0x0000238b        0x1 
 .rodata.CPU_DefaultPBE
                0x0000238c        0x7 ./Static_Code/System/CPU_Init.o
 *fill*         0x00002393        0x1 
 .rodata.CPU_DefaultPEE
                0x00002394        0x7 ./Static_Code/System/CPU_Init.o
 *fill*         0x0000239b        0x1 
 .rodata.CPU_ClockGenModeRegs
                0x0000239c       0x20 ./Static_Code/System/CPU_Init.o
 .rodata.str1.4
                0x000023bc        0x4 /usr/local/gcc-arm-none-eabi-4_9-2015q3/bin/../lib/gcc/arm-none-eabi/4.9.3/../../../../arm-none-eabi/lib/armv7e-m/fpu/libg.a(lib_a-impure.o)
                                  0x2 (size before relaxing)
 .rodata._global_impure_ptr
                0x000023c0        0x4 /usr/local/gcc-arm-none-eabi-4_9-2015q3/bin/../lib/gcc/arm-none-eabi/4.9.3/../../../../arm-none-eabi/lib/armv7e-m/fpu/libg.a(lib_a-impure.o)
                0x000023c0                _global_impure_ptr
 *(.glue_7)
 .glue_7        0x00000000        0x0 linker stubs
 *(.glue_7t)
 .glue_7t       0x00000000        0x0 linker stubs
 *(.eh_frame)
 .eh_frame      0x000023c4        0x0 /usr/local/gcc-arm-none-eabi-4_9-2015q3/bin/../lib/gcc/arm-none-eabi/4.9.3/armv7e-m/fpu/crtbegin.o
 *(.init)
 .init          0x000023c4        0x4 /usr/local/gcc-arm-none-eabi-4_9-2015q3/bin/../lib/gcc/arm-none-eabi/4.9.3/armv7e-m/fpu/crti.o
                0x000023c4                _init
 .init          0x000023c8        0x8 /usr/local/gcc-arm-none-eabi-4_9-2015q3/bin/../lib/gcc/arm-none-eabi/4.9.3/armv7e-m/fpu/crtn.o
 *(.fini)
 .fini          0x000023d0        0x4 /usr/local/gcc-arm-none-eabi-4_9-2015q3/bin/../lib/gcc/arm-none-eabi/4.9.3/armv7e-m/fpu/crti.o
                0x000023d0                _fini
 .fini          0x000023d4        0x8 /usr/local/gcc-arm-none-eabi-4_9-2015q3/bin/../lib/gcc/arm-none-eabi/4.9.3/armv7e-m/fpu/crtn.o
                0x000023dc                . = ALIGN (0x4)
                0x000023dc                _etext = .

.vfp11_veneer   0x000023dc        0x0
 .vfp11_veneer  0x00000000        0x0 linker stubs

.v4_bx          0x000023dc        0x0
 .v4_bx         0x00000000        0x0 linker stubs

.iplt           0x000023dc        0x0
 .iplt          0x00000000        0x0 /usr/local/gcc-arm-none-eabi-4_9-2015q3/bin/../lib/gcc/arm-none-eabi/4.9.3/armv7e-m/fpu/crtbegin.o

.rel.dyn        0x000023dc        0x0
 .rel.iplt      0x00000000        0x0 /usr/local/gcc-arm-none-eabi-4_9-2015q3/bin/../lib/gcc/arm-none-eabi/4.9.3/armv7e-m/fpu/crtbegin.o

.ARM.extab
 *(.ARM.extab* .gnu.linkonce.armextab.*)

.ARM            0x000023dc        0x0
                0x000023dc                __exidx_start = .
 *(.ARM.exidx*)
                0x000023dc                __exidx_end = .

.ctors          0x000023dc        0x0
                0x000023dc                __CTOR_LIST__ = .
 *crtbegin.o(.ctors)
 *(EXCLUDE_FILE(*crtend.o) .ctors)
 *(SORT(.ctors.*))
 *(.ctors)
                0x000023dc                __CTOR_END__ = .

.dtors          0x000023dc        0x0
                0x000023dc                __DTOR_LIST__ = .
 *crtbegin.o(.dtors)
 *(EXCLUDE_FILE(*crtend.o) .dtors)
 *(SORT(.dtors.*))
 *(.dtors)
                0x000023dc                __DTOR_END__ = .

.preinit_array  0x000023dc        0x0
                0x000023dc                PROVIDE (__preinit_array_start, .)
 *(.preinit_array*)
                0x000023dc                PROVIDE (__preinit_array_end, .)

.init_array     0x000023dc        0x8
                0x000023dc                PROVIDE (__init_array_start, .)
 *(SORT(.init_array.*))
 .init_array.00000
                0x000023dc        0x4 /usr/local/gcc-arm-none-eabi-4_9-2015q3/bin/../lib/gcc/arm-none-eabi/4.9.3/../../../../arm-none-eabi/lib/armv7e-m/fpu/libg.a(lib_a-__call_atexit.o)
 *(.init_array*)
 .init_array    0x000023e0        0x4 /usr/local/gcc-arm-none-eabi-4_9-2015q3/bin/../lib/gcc/arm-none-eabi/4.9.3/armv7e-m/fpu/crtbegin.o
                0x000023e4                PROVIDE (__init_array_end, .)

.fini_array     0x000023e4        0x4
                0x000023e4                PROVIDE (__fini_array_start, .)
 *(SORT(.fini_array.*))
 *(.fini_array*)
 .fini_array    0x000023e4        0x4 /usr/local/gcc-arm-none-eabi-4_9-2015q3/bin/../lib/gcc/arm-none-eabi/4.9.3/armv7e-m/fpu/crtbegin.o
                0x000023e8                PROVIDE (__fini_array_end, .)
                0x000023e8                ___ROM_AT = .

.data           0x20000000      0x430 load address 0x000023e8
                0x20000000                . = ALIGN (0x4)
                0x20000000                _sdata = .
 *(.data)
 *(.data*)
 .data.uxCriticalNesting
                0x20000000        0x4 ./Generated_Code/port.o
 *fill*         0x20000004        0x4 
 .data.impure_data
                0x20000008      0x428 /usr/local/gcc-arm-none-eabi-4_9-2015q3/bin/../lib/gcc/arm-none-eabi/4.9.3/../../../../arm-none-eabi/lib/armv7e-m/fpu/libg.a(lib_a-impure.o)
                0x20000430                . = ALIGN (0x4)
                0x20000430                _edata = .
                0x00000430                ___data_size = (_edata - _sdata)
                0x00002818                ___m_data_1FFF0000_ROMStart = (___ROM_AT + SIZEOF (.data))

.jcr            0x20000430        0x0 load address 0x00002818
 .jcr           0x20000430        0x0 /usr/local/gcc-arm-none-eabi-4_9-2015q3/bin/../lib/gcc/arm-none-eabi/4.9.3/armv7e-m/fpu/crtbegin.o

.igot.plt       0x20000430        0x0 load address 0x00002818
 .igot.plt      0x00000000        0x0 /usr/local/gcc-arm-none-eabi-4_9-2015q3/bin/../lib/gcc/arm-none-eabi/4.9.3/armv7e-m/fpu/crtbegin.o

.m_data_1FFF0000
                0x1fff0000        0x0 load address 0x00002818
                0x1fff0000                . = ALIGN (0x4)
                0x1fff0000                ___m_data_1FFF0000_RAMStart = .
 *(.m_data_1FFF0000)
                0x1fff0000                ___m_data_1FFF0000_RAMEnd = .
                0x1fff0000                . = ALIGN (0x4)
                0x00000000                ___m_data_1FFF0000_ROMSize = (___m_data_1FFF0000_RAMEnd - ___m_data_1FFF0000_RAMStart)
                0x1fff0000                . = ALIGN (0x4)

.bss            0x20000430      0xa00 load address 0x00002818
                0x20000430                __START_BSS = .
                0x20000430                PROVIDE (__bss_start__, __START_BSS)
 *(.bss)
 .bss           0x20000430       0x1c /usr/local/gcc-arm-none-eabi-4_9-2015q3/bin/../lib/gcc/arm-none-eabi/4.9.3/armv7e-m/fpu/crtbegin.o
 *(.bss*)
 .bss.argv      0x2000044c       0x28 ./Project_Settings/Startup_Code/startup.o
 .bss.PE_LDD_DeviceDataList
                0x20000474       0x10 ./Generated_Code/PE_LDD.o
                0x20000474                PE_LDD_DeviceDataList
 .bss.DeviceDataPrv__DEFAULT_RTOS_ALLOC
                0x20000484        0xc ./Generated_Code/TU1.o
 .bss.INT_FTM0__BAREBOARD_RTOS_ISRPARAM
                0x20000490        0x4 ./Generated_Code/TU1.o
 .bss.DeviceDataPrv__DEFAULT_RTOS_ALLOC
                0x20000494        0xc ./Generated_Code/TU2.o
 .bss.INT_FTM1__BAREBOARD_RTOS_ISRPARAM
                0x200004a0        0x4 ./Generated_Code/TU2.o
 .bss.DeviceDataPrv__DEFAULT_RTOS_ALLOC
                0x200004a4        0xc ./Generated_Code/TimerIntLdd1.o
 .bss.DeviceDataPrv__DEFAULT_RTOS_ALLOC
                0x200004b0        0xc ./Generated_Code/TimerIntLdd2.o
 .bss.ucHeap    0x200004bc      0x800 ./Generated_Code/heap_4.o
 .bss.xStart    0x20000cbc        0x8 ./Generated_Code/heap_4.o
 .bss.pxEnd     0x20000cc4        0x4 ./Generated_Code/heap_4.o
 .bss.xFreeBytesRemaining
                0x20000cc8        0x4 ./Generated_Code/heap_4.o
 .bss.xMinimumEverFreeBytesRemaining
                0x20000ccc        0x4 ./Generated_Code/heap_4.o
 .bss.xBlockAllocatedBit
                0x20000cd0        0x4 ./Generated_Code/heap_4.o
 .bss.xJumpBuf  0x20000cd4       0x5c ./Generated_Code/port.o
 .bss.pxCurrentTCB
                0x20000d30        0x4 ./Generated_Code/tasks.o
                0x20000d30                pxCurrentTCB
 .bss.pxReadyTasksLists
                0x20000d34       0x78 ./Generated_Code/tasks.o
 .bss.xDelayedTaskList1
                0x20000dac       0x14 ./Generated_Code/tasks.o
 .bss.xDelayedTaskList2
                0x20000dc0       0x14 ./Generated_Code/tasks.o
 .bss.pxDelayedTaskList
                0x20000dd4        0x4 ./Generated_Code/tasks.o
 .bss.pxOverflowDelayedTaskList
                0x20000dd8        0x4 ./Generated_Code/tasks.o
 .bss.xPendingReadyList
                0x20000ddc       0x14 ./Generated_Code/tasks.o
 .bss.xSuspendedTaskList
                0x20000df0       0x14 ./Generated_Code/tasks.o
 .bss.xIdleTaskHandle
                0x20000e04        0x4 ./Generated_Code/tasks.o
 .bss.uxCurrentNumberOfTasks
                0x20000e08        0x4 ./Generated_Code/tasks.o
 .bss.xTickCount
                0x20000e0c        0x4 ./Generated_Code/tasks.o
 .bss.uxTopReadyPriority
                0x20000e10        0x4 ./Generated_Code/tasks.o
 .bss.xSchedulerRunning
                0x20000e14        0x4 ./Generated_Code/tasks.o
 .bss.uxPendedTicks
                0x20000e18        0x4 ./Generated_Code/tasks.o
 .bss.xYieldPending
                0x20000e1c        0x4 ./Generated_Code/tasks.o
 .bss.xNumOfOverflows
                0x20000e20        0x4 ./Generated_Code/tasks.o
 .bss.uxTaskNumber
                0x20000e24        0x4 ./Generated_Code/tasks.o
 .bss.xNextTaskUnblockTime
                0x20000e28        0x4 ./Generated_Code/tasks.o
 .bss.uxSchedulerSuspended
                0x20000e2c        0x4 ./Generated_Code/tasks.o
 *(COMMON)
                0x20000e30                . = ALIGN (0x4)
                0x20000e30                __END_BSS = .
                0x20000e30                PROVIDE (__bss_end__, __END_BSS)
                0x00002818                _romp_at = ((___ROM_AT + SIZEOF (.data)) + SIZEOF (.m_data_1FFF0000))

.romp           0x20000e30       0x24 load address 0x00002818
                0x00002818                __S_romp = _romp_at
                0x20000e30        0x4 LONG 0x23e8 ___ROM_AT
                0x20000e34        0x4 LONG 0x20000000 _sdata
                0x20000e38        0x4 LONG 0x430 ___data_size
                0x20000e3c        0x4 LONG 0x2818 ___m_data_1FFF0000_ROMStart
                0x20000e40        0x4 LONG 0x1fff0000 ___m_data_1FFF0000_RAMStart
                0x20000e44        0x4 LONG 0x0 ___m_data_1FFF0000_ROMSize
                0x20000e48        0x4 LONG 0x0
                0x20000e4c        0x4 LONG 0x0
                0x20000e50        0x4 LONG 0x0

._user_heap_stack
                0x20000e54      0x400 load address 0x0000283c
                0x20000e54                . = ALIGN (0x4)
                0x20000e54                PROVIDE (end, .)
                0x20000e54                PROVIDE (_end, .)
                0x20000e54                __heap_addr = .
                0x20000e54                . = (. + __heap_size)
                0x20001254                . = (. + __stack_size)
 *fill*         0x20000e54      0x400 
                0x20001254                . = ALIGN (0x4)

.ARM.attributes
                0x00000000       0x30
 *(.ARM.attributes)
 .ARM.attributes
                0x00000000       0x22 /usr/local/gcc-arm-none-eabi-4_9-2015q3/bin/../lib/gcc/arm-none-eabi/4.9.3/armv7e-m/fpu/crti.o
 .ARM.attributes
                0x00000022       0x34 /usr/local/gcc-arm-none-eabi-4_9-2015q3/bin/../lib/gcc/arm-none-eabi/4.9.3/armv7e-m/fpu/crtbegin.o
 .ARM.attributes
                0x00000056       0x39 ./Static_Code/System/CPU_Init.o
 .ARM.attributes
                0x0000008f       0x39 ./Static_Code/System/Vectors.o
 .ARM.attributes
                0x000000c8       0x39 ./Sources/Events.o
 .ARM.attributes
                0x00000101       0x39 ./Sources/main.o
 .ARM.attributes
                0x0000013a       0x39 ./Project_Settings/Startup_Code/startup.o
 .ARM.attributes
                0x00000173       0x39 ./Generated_Code/Cpu.o
 .ARM.attributes
                0x000001ac       0x39 ./Generated_Code/PE_LDD.o
 .ARM.attributes
                0x000001e5       0x39 ./Generated_Code/SlowSchedulerTimer.o
 .ARM.attributes
                0x0000021e       0x39 ./Generated_Code/TU1.o
 .ARM.attributes
                0x00000257       0x39 ./Generated_Code/TU2.o
 .ARM.attributes
                0x00000290       0x39 ./Generated_Code/ThreadReaderTimer.o
 .ARM.attributes
                0x000002c9       0x39 ./Generated_Code/TimerIntLdd1.o
 .ARM.attributes
                0x00000302       0x39 ./Generated_Code/TimerIntLdd2.o
 .ARM.attributes
                0x0000033b       0x39 ./Generated_Code/heap_4.o
 .ARM.attributes
                0x00000374       0x39 ./Generated_Code/list.o
 .ARM.attributes
                0x000003ad       0x39 ./Generated_Code/port.o
 .ARM.attributes
                0x000003e6       0x39 ./Generated_Code/tasks.o
 .ARM.attributes
                0x0000041f       0x34 /usr/local/gcc-arm-none-eabi-4_9-2015q3/bin/../lib/gcc/arm-none-eabi/4.9.3/../../../../arm-none-eabi/lib/armv7e-m/fpu/libg.a(lib_a-impure.o)
 .ARM.attributes
                0x00000453       0x34 /usr/local/gcc-arm-none-eabi-4_9-2015q3/bin/../lib/gcc/arm-none-eabi/4.9.3/../../../../arm-none-eabi/lib/armv7e-m/fpu/libg.a(lib_a-memset.o)
 .ARM.attributes
                0x00000487       0x20 /usr/local/gcc-arm-none-eabi-4_9-2015q3/bin/../lib/gcc/arm-none-eabi/4.9.3/../../../../arm-none-eabi/lib/armv7e-m/fpu/libg.a(lib_a-setjmp.o)
 .ARM.attributes
                0x000004a7       0x34 /usr/local/gcc-arm-none-eabi-4_9-2015q3/bin/../lib/gcc/arm-none-eabi/4.9.3/../../../../arm-none-eabi/lib/armv7e-m/fpu/libg.a(lib_a-__call_atexit.o)
 .ARM.attributes
                0x000004db       0x34 /usr/local/gcc-arm-none-eabi-4_9-2015q3/bin/../lib/gcc/arm-none-eabi/4.9.3/../../../../arm-none-eabi/lib/armv7e-m/fpu/libg.a(lib_a-atexit.o)
 .ARM.attributes
                0x0000050f       0x34 /usr/local/gcc-arm-none-eabi-4_9-2015q3/bin/../lib/gcc/arm-none-eabi/4.9.3/../../../../arm-none-eabi/lib/armv7e-m/fpu/libg.a(lib_a-fini.o)
 .ARM.attributes
                0x00000543       0x34 /usr/local/gcc-arm-none-eabi-4_9-2015q3/bin/../lib/gcc/arm-none-eabi/4.9.3/../../../../arm-none-eabi/lib/armv7e-m/fpu/libg.a(lib_a-__atexit.o)
 .ARM.attributes
                0x00000577       0x22 /usr/local/gcc-arm-none-eabi-4_9-2015q3/bin/../lib/gcc/arm-none-eabi/4.9.3/armv7e-m/fpu/crtn.o
OUTPUT(Coroutine.elf elf32-littlearm)

.debug_info     0x00000000     0x4bb7
 .debug_info    0x00000000      0xa7f ./Static_Code/System/CPU_Init.o
 .debug_info    0x00000a7f      0x825 ./Static_Code/System/Vectors.o
 .debug_info    0x000012a4      0x130 ./Sources/Events.o
 .debug_info    0x000013d4      0x5f9 ./Sources/main.o
 .debug_info    0x000019cd      0x308 ./Project_Settings/Startup_Code/startup.o
 .debug_info    0x00001cd5       0xa7 ./Generated_Code/Cpu.o
 .debug_info    0x00001d7c      0x251 ./Generated_Code/PE_LDD.o
 .debug_info    0x00001fcd       0xb2 ./Generated_Code/SlowSchedulerTimer.o
 .debug_info    0x0000207f      0x647 ./Generated_Code/TU1.o
 .debug_info    0x000026c6      0x647 ./Generated_Code/TU2.o
 .debug_info    0x00002d0d       0xb2 ./Generated_Code/ThreadReaderTimer.o
 .debug_info    0x00002dbf      0x177 ./Generated_Code/TimerIntLdd1.o
 .debug_info    0x00002f36      0x177 ./Generated_Code/TimerIntLdd2.o
 .debug_info    0x000030ad      0x305 ./Generated_Code/heap_4.o
 .debug_info    0x000033b2      0x2a8 ./Generated_Code/list.o
 .debug_info    0x0000365a      0x287 ./Generated_Code/port.o
 .debug_info    0x000038e1     0x12d6 ./Generated_Code/tasks.o

.debug_abbrev   0x00000000     0x1276
 .debug_abbrev  0x00000000      0x1bf ./Static_Code/System/CPU_Init.o
 .debug_abbrev  0x000001bf       0xd8 ./Static_Code/System/Vectors.o
 .debug_abbrev  0x00000297       0x8b ./Sources/Events.o
 .debug_abbrev  0x00000322      0x1e4 ./Sources/main.o
 .debug_abbrev  0x00000506      0x148 ./Project_Settings/Startup_Code/startup.o
 .debug_abbrev  0x0000064e       0x45 ./Generated_Code/Cpu.o
 .debug_abbrev  0x00000693      0x10d ./Generated_Code/PE_LDD.o
 .debug_abbrev  0x000007a0       0x68 ./Generated_Code/SlowSchedulerTimer.o
 .debug_abbrev  0x00000808      0x16a ./Generated_Code/TU1.o
 .debug_abbrev  0x00000972      0x16a ./Generated_Code/TU2.o
 .debug_abbrev  0x00000adc       0x68 ./Generated_Code/ThreadReaderTimer.o
 .debug_abbrev  0x00000b44       0xdd ./Generated_Code/TimerIntLdd1.o
 .debug_abbrev  0x00000c21       0xdd ./Generated_Code/TimerIntLdd2.o
 .debug_abbrev  0x00000cfe      0x15b ./Generated_Code/heap_4.o
 .debug_abbrev  0x00000e59       0xc1 ./Generated_Code/list.o
 .debug_abbrev  0x00000f1a      0x10c ./Generated_Code/port.o
 .debug_abbrev  0x00001026      0x250 ./Generated_Code/tasks.o

.debug_aranges  0x00000000      0x8a8
 .debug_aranges
                0x00000000       0x40 ./Static_Code/System/CPU_Init.o
 .debug_aranges
                0x00000040      0x340 ./Static_Code/System/Vectors.o
 .debug_aranges
                0x00000380       0x50 ./Sources/Events.o
 .debug_aranges
                0x000003d0       0x78 ./Sources/main.o
 .debug_aranges
                0x00000448       0x60 ./Project_Settings/Startup_Code/startup.o
 .debug_aranges
                0x000004a8       0x28 ./Generated_Code/Cpu.o
 .debug_aranges
                0x000004d0       0x30 ./Generated_Code/PE_LDD.o
 .debug_aranges
                0x00000500       0x20 ./Generated_Code/SlowSchedulerTimer.o
 .debug_aranges
                0x00000520       0x28 ./Generated_Code/TU1.o
 .debug_aranges
                0x00000548       0x28 ./Generated_Code/TU2.o
 .debug_aranges
                0x00000570       0x20 ./Generated_Code/ThreadReaderTimer.o
 .debug_aranges
                0x00000590       0x28 ./Generated_Code/TimerIntLdd1.o
 .debug_aranges
                0x000005b8       0x28 ./Generated_Code/TimerIntLdd2.o
 .debug_aranges
                0x000005e0       0x50 ./Generated_Code/heap_4.o
 .debug_aranges
                0x00000630       0x40 ./Generated_Code/list.o
 .debug_aranges
                0x00000670       0x98 ./Generated_Code/port.o
 .debug_aranges
                0x00000708      0x1a0 ./Generated_Code/tasks.o

.debug_ranges   0x00000000      0x798
 .debug_ranges  0x00000000       0x30 ./Static_Code/System/CPU_Init.o
 .debug_ranges  0x00000030      0x330 ./Static_Code/System/Vectors.o
 .debug_ranges  0x00000360       0x40 ./Sources/Events.o
 .debug_ranges  0x000003a0       0x68 ./Sources/main.o
 .debug_ranges  0x00000408       0x50 ./Project_Settings/Startup_Code/startup.o
 .debug_ranges  0x00000458       0x18 ./Generated_Code/Cpu.o
 .debug_ranges  0x00000470       0x20 ./Generated_Code/PE_LDD.o
 .debug_ranges  0x00000490       0x10 ./Generated_Code/SlowSchedulerTimer.o
 .debug_ranges  0x000004a0       0x18 ./Generated_Code/TU1.o
 .debug_ranges  0x000004b8       0x18 ./Generated_Code/TU2.o
 .debug_ranges  0x000004d0       0x10 ./Generated_Code/ThreadReaderTimer.o
 .debug_ranges  0x000004e0       0x18 ./Generated_Code/TimerIntLdd1.o
 .debug_ranges  0x000004f8       0x18 ./Generated_Code/TimerIntLdd2.o
 .debug_ranges  0x00000510       0x40 ./Generated_Code/heap_4.o
 .debug_ranges  0x00000550       0x30 ./Generated_Code/list.o
 .debug_ranges  0x00000580       0x88 ./Generated_Code/port.o
 .debug_ranges  0x00000608      0x190 ./Generated_Code/tasks.o

.debug_macro    0x00000000    0x213c9
 .debug_macro   0x00000000      0x2ea ./Static_Code/System/CPU_Init.o
 .debug_macro   0x000002ea      0x86e ./Static_Code/System/CPU_Init.o
 .debug_macro   0x00000b58       0x22 ./Static_Code/System/CPU_Init.o
 .debug_macro   0x00000b7a       0x44 ./Static_Code/System/CPU_Init.o
 .debug_macro   0x00000bbe       0xe3 ./Static_Code/System/CPU_Init.o
 .debug_macro   0x00000ca1       0x22 ./Static_Code/System/CPU_Init.o
 .debug_macro   0x00000cc3      0x1df ./Static_Code/System/CPU_Init.o
 .debug_macro   0x00000ea2     0x178a ./Static_Code/System/CPU_Init.o
 .debug_macro   0x0000262c    0x10f7a ./Static_Code/System/CPU_Init.o
 .debug_macro   0x000135a6      0x472 ./Static_Code/System/CPU_Init.o
 .debug_macro   0x00013a18      0x14e ./Static_Code/System/CPU_Init.o
 .debug_macro   0x00013b66       0x6a ./Static_Code/System/CPU_Init.o
 .debug_macro   0x00013bd0       0x58 ./Static_Code/System/CPU_Init.o
 .debug_macro   0x00013c28       0x35 ./Static_Code/System/CPU_Init.o
 .debug_macro   0x00013c5d       0x9c ./Static_Code/System/CPU_Init.o
 .debug_macro   0x00013cf9       0x16 ./Static_Code/System/CPU_Init.o
 .debug_macro   0x00013d0f      0x166 ./Static_Code/System/CPU_Init.o
 .debug_macro   0x00013e75       0x52 ./Static_Code/System/CPU_Init.o
 .debug_macro   0x00013ec7       0x16 ./Static_Code/System/CPU_Init.o
 .debug_macro   0x00013edd       0x43 ./Static_Code/System/CPU_Init.o
 .debug_macro   0x00013f20      0x180 ./Static_Code/System/CPU_Init.o
 .debug_macro   0x000140a0      0x29d ./Static_Code/System/CPU_Init.o
 .debug_macro   0x0001433d       0x10 ./Static_Code/System/CPU_Init.o
 .debug_macro   0x0001434d       0x35 ./Static_Code/System/CPU_Init.o
 .debug_macro   0x00014382       0x19 ./Static_Code/System/CPU_Init.o
 .debug_macro   0x0001439b      0x2a7 ./Static_Code/System/CPU_Init.o
 .debug_macro   0x00014642      0x15d ./Static_Code/System/CPU_Init.o
 .debug_macro   0x0001479f       0xce ./Static_Code/System/CPU_Init.o
 .debug_macro   0x0001486d       0x10 ./Static_Code/System/CPU_Init.o
 .debug_macro   0x0001487d       0x1f ./Static_Code/System/CPU_Init.o
 .debug_macro   0x0001489c       0xc0 ./Static_Code/System/CPU_Init.o
 .debug_macro   0x0001495c       0x9a ./Static_Code/System/CPU_Init.o
 .debug_macro   0x000149f6      0x361 ./Static_Code/System/CPU_Init.o
 .debug_macro   0x00014d57       0xb0 ./Static_Code/System/CPU_Init.o
 .debug_macro   0x00014e07       0x7f ./Static_Code/System/CPU_Init.o
 .debug_macro   0x00014e86       0x97 ./Static_Code/System/CPU_Init.o
 .debug_macro   0x00014f1d       0x19 ./Static_Code/System/CPU_Init.o
 .debug_macro   0x00014f36      0x2c7 ./Static_Code/System/CPU_Init.o
 .debug_macro   0x000151fd       0x94 ./Static_Code/System/CPU_Init.o
 .debug_macro   0x00015291      0x6a0 ./Static_Code/System/CPU_Init.o
 .debug_macro   0x00015931       0x49 ./Static_Code/System/CPU_Init.o
 .debug_macro   0x0001597a       0x1c ./Static_Code/System/CPU_Init.o
 .debug_macro   0x00015996       0x4f ./Static_Code/System/CPU_Init.o
 .debug_macro   0x000159e5       0x1c ./Static_Code/System/CPU_Init.o
 .debug_macro   0x00015a01      0x299 ./Static_Code/System/CPU_Init.o
 .debug_macro   0x00015c9a      0x2d8 ./Static_Code/System/Vectors.o
 .debug_macro   0x00015f72      0x406 ./Sources/Events.o
 .debug_macro   0x00016378      0x61c ./Sources/Events.o
 .debug_macro   0x00016994      0x626 ./Sources/Events.o
 .debug_macro   0x00016fba      0x327 ./Sources/Events.o
 .debug_macro   0x000172e1      0x1e8 ./Sources/Events.o
 .debug_macro   0x000174c9      0x109 ./Sources/Events.o
 .debug_macro   0x000175d2      0x17e ./Sources/Events.o
 .debug_macro   0x00017750      0x200 ./Sources/Events.o
 .debug_macro   0x00017950      0x91e ./Sources/Events.o
 .debug_macro   0x0001826e      0x588 ./Sources/Events.o
 .debug_macro   0x000187f6       0x9e ./Sources/Events.o
 .debug_macro   0x00018894      0x1f7 ./Sources/Events.o
 .debug_macro   0x00018a8b      0x50f ./Sources/Events.o
 .debug_macro   0x00018f9a      0x131 ./Sources/Events.o
 .debug_macro   0x000190cb      0x297 ./Sources/Events.o
 .debug_macro   0x00019362      0x318 ./Sources/Events.o
 .debug_macro   0x0001967a      0x25a ./Sources/Events.o
 .debug_macro   0x000198d4      0x13d ./Sources/Events.o
 .debug_macro   0x00019a11      0x30b ./Sources/Events.o
 .debug_macro   0x00019d1c       0xba ./Sources/Events.o
 .debug_macro   0x00019dd6       0xe9 ./Sources/Events.o
 .debug_macro   0x00019ebf      0x4e9 ./Sources/Events.o
 .debug_macro   0x0001a3a8      0x191 ./Sources/Events.o
 .debug_macro   0x0001a539       0xea ./Sources/Events.o
 .debug_macro   0x0001a623      0x348 ./Sources/Events.o
 .debug_macro   0x0001a96b      0x7d6 ./Sources/Events.o
 .debug_macro   0x0001b141      0x179 ./Sources/Events.o
 .debug_macro   0x0001b2ba      0x645 ./Sources/Events.o
 .debug_macro   0x0001b8ff      0x892 ./Sources/Events.o
 .debug_macro   0x0001c191      0x11c ./Sources/Events.o
 .debug_macro   0x0001c2ad      0x648 ./Sources/Events.o
 .debug_macro   0x0001c8f5       0x81 ./Sources/Events.o
 .debug_macro   0x0001c976      0x7bf ./Sources/Events.o
 .debug_macro   0x0001d135      0x10f ./Sources/Events.o
 .debug_macro   0x0001d244      0x614 ./Sources/Events.o
 .debug_macro   0x0001d858      0x181 ./Sources/Events.o
 .debug_macro   0x0001d9d9      0x421 ./Sources/main.o
 .debug_macro   0x0001ddfa       0x43 ./Sources/main.o
 .debug_macro   0x0001de3d      0x102 ./Project_Settings/Startup_Code/startup.o
 .debug_macro   0x0001df3f       0x4a ./Project_Settings/Startup_Code/startup.o
 .debug_macro   0x0001df89       0x16 ./Project_Settings/Startup_Code/startup.o
 .debug_macro   0x0001df9f       0x22 ./Project_Settings/Startup_Code/startup.o
 .debug_macro   0x0001dfc1      0x2de ./Generated_Code/Cpu.o
 .debug_macro   0x0001e29f     0x1784 ./Generated_Code/Cpu.o
 .debug_macro   0x0001fa23      0x28b ./Generated_Code/PE_LDD.o
 .debug_macro   0x0001fcae      0x2b7 ./Generated_Code/SlowSchedulerTimer.o
 .debug_macro   0x0001ff65      0x189 ./Generated_Code/TU1.o
 .debug_macro   0x000200ee      0x189 ./Generated_Code/TU2.o
 .debug_macro   0x00020277       0x49 ./Generated_Code/TU2.o
 .debug_macro   0x000202c0      0x2b7 ./Generated_Code/ThreadReaderTimer.o
 .debug_macro   0x00020577      0x193 ./Generated_Code/TimerIntLdd1.o
 .debug_macro   0x0002070a      0x193 ./Generated_Code/TimerIntLdd2.o
 .debug_macro   0x0002089d      0x2f6 ./Generated_Code/heap_4.o
 .debug_macro   0x00020b93       0x16 ./Generated_Code/heap_4.o
 .debug_macro   0x00020ba9      0x180 ./Generated_Code/list.o
 .debug_macro   0x00020d29      0x269 ./Generated_Code/port.o
 .debug_macro   0x00020f92       0xc8 ./Generated_Code/port.o
 .debug_macro   0x0002105a      0x35f ./Generated_Code/tasks.o
 .debug_macro   0x000213b9       0x10 ./Generated_Code/tasks.o

.debug_line     0x00000000     0x7044
 .debug_line    0x00000000      0x718 ./Static_Code/System/CPU_Init.o
 .debug_line    0x00000718      0xccc ./Static_Code/System/Vectors.o
 .debug_line    0x000013e4      0x7bb ./Sources/Events.o
 .debug_line    0x00001b9f      0x8f1 ./Sources/main.o
 .debug_line    0x00002490      0x344 ./Project_Settings/Startup_Code/startup.o
 .debug_line    0x000027d4      0x623 ./Generated_Code/Cpu.o
 .debug_line    0x00002df7      0x580 ./Generated_Code/PE_LDD.o
 .debug_line    0x00003377      0x5be ./Generated_Code/SlowSchedulerTimer.o
 .debug_line    0x00003935      0x49b ./Generated_Code/TU1.o
 .debug_line    0x00003dd0      0x495 ./Generated_Code/TU2.o
 .debug_line    0x00004265      0x5bc ./Generated_Code/ThreadReaderTimer.o
 .debug_line    0x00004821      0x49c ./Generated_Code/TimerIntLdd1.o
 .debug_line    0x00004cbd      0x49b ./Generated_Code/TimerIntLdd2.o
 .debug_line    0x00005158      0x6f3 ./Generated_Code/heap_4.o
 .debug_line    0x0000584b      0x34d ./Generated_Code/list.o
 .debug_line    0x00005b98      0x54e ./Generated_Code/port.o
 .debug_line    0x000060e6      0xf5e ./Generated_Code/tasks.o

.debug_str      0x00000000    0xeca72
 .debug_str     0x00000000    0x7dcb8 ./Static_Code/System/CPU_Init.o
                              0x7def3 (size before relaxing)
 .debug_str     0x0007dcb8      0x984 ./Static_Code/System/Vectors.o
                              0x7e332 (size before relaxing)
 .debug_str     0x0007e63c    0x6b642 ./Sources/Events.o
                              0xe7fa7 (size before relaxing)
 .debug_str     0x000e9c7e      0x89d ./Sources/main.o
                              0xe87e3 (size before relaxing)
 .debug_str     0x000ea51b      0x1f4 ./Project_Settings/Startup_Code/startup.o
                               0x4dac (size before relaxing)
 .debug_str     0x000ea70f       0x28 ./Generated_Code/Cpu.o
                              0x7c98a (size before relaxing)
 .debug_str     0x000ea737      0x191 ./Generated_Code/PE_LDD.o
                              0x7cb12 (size before relaxing)
 .debug_str     0x000ea8c8       0x5a ./Generated_Code/SlowSchedulerTimer.o
                              0x7c9a1 (size before relaxing)
 .debug_str     0x000ea922      0x1f3 ./Generated_Code/TU1.o
                              0x76d8b (size before relaxing)
 .debug_str     0x000eab15       0x66 ./Generated_Code/TU2.o
                              0x76d8b (size before relaxing)
 .debug_str     0x000eab7b       0x3f ./Generated_Code/ThreadReaderTimer.o
                              0x7c9a0 (size before relaxing)
 .debug_str     0x000eabba       0xbe ./Generated_Code/TimerIntLdd1.o
                              0x76b97 (size before relaxing)
 .debug_str     0x000eac78       0x61 ./Generated_Code/TimerIntLdd2.o
                              0x76b96 (size before relaxing)
 .debug_str     0x000eacd9      0x284 ./Generated_Code/heap_4.o
                              0x7cc83 (size before relaxing)
 .debug_str     0x000eaf5d       0xe8 ./Generated_Code/list.o
                              0x102ec (size before relaxing)
 .debug_str     0x000eb045      0xa27 ./Generated_Code/port.o
                              0x6e0d7 (size before relaxing)
 .debug_str     0x000eba6c     0x1006 ./Generated_Code/tasks.o
                              0x7dbde (size before relaxing)

.comment        0x00000000       0x70
 .comment       0x00000000       0x70 ./Static_Code/System/CPU_Init.o
                                 0x71 (size before relaxing)
 .comment       0x00000000       0x71 ./Static_Code/System/Vectors.o
 .comment       0x00000000       0x71 ./Sources/Events.o
 .comment       0x00000000       0x71 ./Sources/main.o
 .comment       0x00000000       0x71 ./Project_Settings/Startup_Code/startup.o
 .comment       0x00000000       0x71 ./Generated_Code/Cpu.o
 .comment       0x00000000       0x71 ./Generated_Code/PE_LDD.o
 .comment       0x00000000       0x71 ./Generated_Code/SlowSchedulerTimer.o
 .comment       0x00000000       0x71 ./Generated_Code/TU1.o
 .comment       0x00000000       0x71 ./Generated_Code/TU2.o
 .comment       0x00000000       0x71 ./Generated_Code/ThreadReaderTimer.o
 .comment       0x00000000       0x71 ./Generated_Code/TimerIntLdd1.o
 .comment       0x00000000       0x71 ./Generated_Code/TimerIntLdd2.o
 .comment       0x00000000       0x71 ./Generated_Code/heap_4.o
 .comment       0x00000000       0x71 ./Generated_Code/list.o
 .comment       0x00000000       0x71 ./Generated_Code/port.o
 .comment       0x00000000       0x71 ./Generated_Code/tasks.o

.debug_frame    0x00000000     0x230c
 .debug_frame   0x00000000       0xb8 ./Static_Code/System/CPU_Init.o
 .debug_frame   0x000000b8      0xfd8 ./Static_Code/System/Vectors.o
 .debug_frame   0x00001090       0xe4 ./Sources/Events.o
 .debug_frame   0x00001174      0x1b4 ./Sources/main.o
 .debug_frame   0x00001328      0x14c ./Project_Settings/Startup_Code/startup.o
 .debug_frame   0x00001474       0x58 ./Generated_Code/Cpu.o
 .debug_frame   0x000014cc       0x84 ./Generated_Code/PE_LDD.o
 .debug_frame   0x00001550       0x34 ./Generated_Code/SlowSchedulerTimer.o
 .debug_frame   0x00001584       0x68 ./Generated_Code/TU1.o
 .debug_frame   0x000015ec       0x68 ./Generated_Code/TU2.o
 .debug_frame   0x00001654       0x34 ./Generated_Code/ThreadReaderTimer.o
 .debug_frame   0x00001688       0x58 ./Generated_Code/TimerIntLdd1.o
 .debug_frame   0x000016e0       0x58 ./Generated_Code/TimerIntLdd2.o
 .debug_frame   0x00001738      0x108 ./Generated_Code/heap_4.o
 .debug_frame   0x00001840       0xd8 ./Generated_Code/list.o
 .debug_frame   0x00001918      0x1ec ./Generated_Code/port.o
 .debug_frame   0x00001b04      0x6fc ./Generated_Code/tasks.o
 .debug_frame   0x00002200       0x34 /usr/local/gcc-arm-none-eabi-4_9-2015q3/bin/../lib/gcc/arm-none-eabi/4.9.3/../../../../arm-none-eabi/lib/armv7e-m/fpu/libg.a(lib_a-memset.o)
 .debug_frame   0x00002234       0x50 /usr/local/gcc-arm-none-eabi-4_9-2015q3/bin/../lib/gcc/arm-none-eabi/4.9.3/../../../../arm-none-eabi/lib/armv7e-m/fpu/libg.a(lib_a-__call_atexit.o)
 .debug_frame   0x00002284       0x20 /usr/local/gcc-arm-none-eabi-4_9-2015q3/bin/../lib/gcc/arm-none-eabi/4.9.3/../../../../arm-none-eabi/lib/armv7e-m/fpu/libg.a(lib_a-atexit.o)
 .debug_frame   0x000022a4       0x34 /usr/local/gcc-arm-none-eabi-4_9-2015q3/bin/../lib/gcc/arm-none-eabi/4.9.3/../../../../arm-none-eabi/lib/armv7e-m/fpu/libg.a(lib_a-fini.o)
 .debug_frame   0x000022d8       0x34 /usr/local/gcc-arm-none-eabi-4_9-2015q3/bin/../lib/gcc/arm-none-eabi/4.9.3/../../../../arm-none-eabi/lib/armv7e-m/fpu/libg.a(lib_a-__atexit.o)
