Archive member included because of file (symbol)

/usr/local/gcc-arm-none-eabi-4_9-2015q3/bin/../lib/gcc/arm-none-eabi/4.9.3/../../../../arm-none-eabi/lib/armv7e-m/fpu/libg.a(lib_a-exit.o)
                              /usr/local/gcc-arm-none-eabi-4_9-2015q3/bin/../lib/gcc/arm-none-eabi/4.9.3/../../../../arm-none-eabi/lib/armv7e-m/fpu/crt0.o (exit)
/usr/local/gcc-arm-none-eabi-4_9-2015q3/bin/../lib/gcc/arm-none-eabi/4.9.3/../../../../arm-none-eabi/lib/armv7e-m/fpu/libg.a(lib_a-impure.o)
                              /usr/local/gcc-arm-none-eabi-4_9-2015q3/bin/../lib/gcc/arm-none-eabi/4.9.3/../../../../arm-none-eabi/lib/armv7e-m/fpu/libg.a(lib_a-exit.o) (_global_impure_ptr)
/usr/local/gcc-arm-none-eabi-4_9-2015q3/bin/../lib/gcc/arm-none-eabi/4.9.3/../../../../arm-none-eabi/lib/armv7e-m/fpu/libg.a(lib_a-init.o)
                              /usr/local/gcc-arm-none-eabi-4_9-2015q3/bin/../lib/gcc/arm-none-eabi/4.9.3/../../../../arm-none-eabi/lib/armv7e-m/fpu/crt0.o (__libc_init_array)
/usr/local/gcc-arm-none-eabi-4_9-2015q3/bin/../lib/gcc/arm-none-eabi/4.9.3/../../../../arm-none-eabi/lib/armv7e-m/fpu/libg.a(lib_a-memcpy.o)
                              ./Generated_Code/queue.o (memcpy)
/usr/local/gcc-arm-none-eabi-4_9-2015q3/bin/../lib/gcc/arm-none-eabi/4.9.3/../../../../arm-none-eabi/lib/armv7e-m/fpu/libg.a(lib_a-memset.o)
                              /usr/local/gcc-arm-none-eabi-4_9-2015q3/bin/../lib/gcc/arm-none-eabi/4.9.3/../../../../arm-none-eabi/lib/armv7e-m/fpu/crt0.o (memset)
/usr/local/gcc-arm-none-eabi-4_9-2015q3/bin/../lib/gcc/arm-none-eabi/4.9.3/../../../../arm-none-eabi/lib/armv7e-m/fpu/libg.a(lib_a-setjmp.o)
                              ./Generated_Code/port.o (setjmp)
/usr/local/gcc-arm-none-eabi-4_9-2015q3/bin/../lib/gcc/arm-none-eabi/4.9.3/../../../../arm-none-eabi/lib/armv7e-m/fpu/libg.a(lib_a-strchr.o)
                              ./Generated_Code/UTIL1.o (strchr)
/usr/local/gcc-arm-none-eabi-4_9-2015q3/bin/../lib/gcc/arm-none-eabi/4.9.3/../../../../arm-none-eabi/lib/armv7e-m/fpu/libg.a(lib_a-strlen.o)
                              ./Generated_Code/UTIL1.o (strlen)
/usr/local/gcc-arm-none-eabi-4_9-2015q3/bin/../lib/gcc/arm-none-eabi/4.9.3/../../../../arm-none-eabi/lib/armv7e-m/fpu/libg.a(lib_a-strncmp.o)
                              ./Generated_Code/UTIL1.o (strncmp)
/usr/local/gcc-arm-none-eabi-4_9-2015q3/bin/../lib/gcc/arm-none-eabi/4.9.3/../../../../arm-none-eabi/lib/armv7e-m/fpu/libg.a(lib_a-__call_atexit.o)
                              /usr/local/gcc-arm-none-eabi-4_9-2015q3/bin/../lib/gcc/arm-none-eabi/4.9.3/../../../../arm-none-eabi/lib/armv7e-m/fpu/libg.a(lib_a-exit.o) (__call_exitprocs)
/usr/local/gcc-arm-none-eabi-4_9-2015q3/bin/../lib/gcc/arm-none-eabi/4.9.3/../../../../arm-none-eabi/lib/armv7e-m/fpu/libg.a(lib_a-atexit.o)
                              /usr/local/gcc-arm-none-eabi-4_9-2015q3/bin/../lib/gcc/arm-none-eabi/4.9.3/../../../../arm-none-eabi/lib/armv7e-m/fpu/libg.a(lib_a-__call_atexit.o) (atexit)
/usr/local/gcc-arm-none-eabi-4_9-2015q3/bin/../lib/gcc/arm-none-eabi/4.9.3/../../../../arm-none-eabi/lib/armv7e-m/fpu/libg.a(lib_a-fini.o)
                              /usr/local/gcc-arm-none-eabi-4_9-2015q3/bin/../lib/gcc/arm-none-eabi/4.9.3/../../../../arm-none-eabi/lib/armv7e-m/fpu/libg.a(lib_a-__call_atexit.o) (__libc_fini_array)
/usr/local/gcc-arm-none-eabi-4_9-2015q3/bin/../lib/gcc/arm-none-eabi/4.9.3/../../../../arm-none-eabi/lib/armv7e-m/fpu/libg.a(lib_a-__atexit.o)
                              /usr/local/gcc-arm-none-eabi-4_9-2015q3/bin/../lib/gcc/arm-none-eabi/4.9.3/../../../../arm-none-eabi/lib/armv7e-m/fpu/libg.a(lib_a-atexit.o) (__register_exitproc)

Allocating common symbols
Common symbol       size              file

readerQueue         0x4               ./Sources/Events.o
schedulerQueue      0x4               ./Sources/Events.o
SR_reg              0x1               ./Static_Code/System/CPU_Init.o

Discarded input sections

 .text          0x00000000        0x0 /usr/local/gcc-arm-none-eabi-4_9-2015q3/bin/../lib/gcc/arm-none-eabi/4.9.3/armv7e-m/fpu/crti.o
 .data          0x00000000        0x0 /usr/local/gcc-arm-none-eabi-4_9-2015q3/bin/../lib/gcc/arm-none-eabi/4.9.3/armv7e-m/fpu/crti.o
 .bss           0x00000000        0x0 /usr/local/gcc-arm-none-eabi-4_9-2015q3/bin/../lib/gcc/arm-none-eabi/4.9.3/armv7e-m/fpu/crti.o
 .data          0x00000000        0x4 /usr/local/gcc-arm-none-eabi-4_9-2015q3/bin/../lib/gcc/arm-none-eabi/4.9.3/armv7e-m/fpu/crtbegin.o
 .text          0x00000000       0x74 /usr/local/gcc-arm-none-eabi-4_9-2015q3/bin/../lib/gcc/arm-none-eabi/4.9.3/../../../../arm-none-eabi/lib/armv7e-m/fpu/crt0.o
 .data          0x00000000        0x0 /usr/local/gcc-arm-none-eabi-4_9-2015q3/bin/../lib/gcc/arm-none-eabi/4.9.3/../../../../arm-none-eabi/lib/armv7e-m/fpu/crt0.o
 .bss           0x00000000        0x0 /usr/local/gcc-arm-none-eabi-4_9-2015q3/bin/../lib/gcc/arm-none-eabi/4.9.3/../../../../arm-none-eabi/lib/armv7e-m/fpu/crt0.o
[...]
Memory Configuration

Name             Origin             Length             Attributes
m_interrupts     0x00000000         0x00000198         xr
m_text           0x00000410         0x000ffbf0         xr
m_data_1FFF0000  0x1fff0000         0x00010000         rw
m_data           0x20000000         0x00030000         rw
m_cfmprotrom     0x00000400         0x00000010         xr
*default*        0x00000000         0xffffffff

Linker script and memory map

LOAD /usr/local/gcc-arm-none-eabi-4_9-2015q3/bin/../lib/gcc/arm-none-eabi/4.9.3/armv7e-m/fpu/crti.o
LOAD /usr/local/gcc-arm-none-eabi-4_9-2015q3/bin/../lib/gcc/arm-none-eabi/4.9.3/armv7e-m/fpu/crtbegin.o
LOAD /usr/local/gcc-arm-none-eabi-4_9-2015q3/bin/../lib/gcc/arm-none-eabi/4.9.3/../../../../arm-none-eabi/lib/armv7e-m/fpu/crt0.o
LOAD ./Static_Code/System/CPU_Init.o
LOAD ./Static_Code/System/Peripherals_Init.o
LOAD ./Static_Code/System/Vectors.o
LOAD ./Static_Code/Peripherals/ADC0_Init.o
LOAD ./Static_Code/Peripherals/ADC1_Init.o
LOAD ./Static_Code/Peripherals/AIPS0_Init.o
LOAD ./Static_Code/Peripherals/AIPS1_Init.o
LOAD ./Static_Code/Peripherals/AXBS_Init.o
LOAD ./Static_Code/Peripherals/CAN0_Init.o
LOAD ./Static_Code/Peripherals/CMP0_Init.o
LOAD ./Static_Code/Peripherals/CMP1_Init.o
LOAD ./Static_Code/Peripherals/CMP2_Init.o
LOAD ./Static_Code/Peripherals/CMT_Init.o
LOAD ./Static_Code/Peripherals/CRC_Init.o
LOAD ./Static_Code/Peripherals/DAC0_Init.o
LOAD ./Static_Code/Peripherals/DAC1_Init.o
LOAD ./Static_Code/Peripherals/DMAMUX_Init.o
LOAD ./Static_Code/Peripherals/DMA_Init.o
LOAD ./Static_Code/Peripherals/ENET_Init.o
LOAD ./Static_Code/Peripherals/EWM_Init.o
LOAD ./Static_Code/Peripherals/FB_Init.o
LOAD ./Static_Code/Peripherals/FMC_Init.o
LOAD ./Static_Code/Peripherals/FTFE_Init.o
LOAD ./Static_Code/Peripherals/FTM0_Init.o
LOAD ./Static_Code/Peripherals/FTM1_Init.o
LOAD ./Static_Code/Peripherals/FTM2_Init.o
LOAD ./Static_Code/Peripherals/FTM3_Init.o
LOAD ./Static_Code/Peripherals/I2C0_Init.o
LOAD ./Static_Code/Peripherals/I2C1_Init.o
LOAD ./Static_Code/Peripherals/I2C2_Init.o
LOAD ./Static_Code/Peripherals/I2S0_Init.o
LOAD ./Static_Code/Peripherals/LLWU_Init.o
LOAD ./Static_Code/Peripherals/LPTMR0_Init.o
LOAD ./Static_Code/Peripherals/MCM_Init.o
LOAD ./Static_Code/Peripherals/MPU_Init.o
LOAD ./Static_Code/Peripherals/NVIC_Init.o
LOAD ./Static_Code/Peripherals/PDB0_Init.o
LOAD ./Static_Code/Peripherals/PIT_Init.o
LOAD ./Static_Code/Peripherals/PMC_Init.o
LOAD ./Static_Code/Peripherals/PORTA_Init.o
LOAD ./Static_Code/Peripherals/PORTB_Init.o
LOAD ./Static_Code/Peripherals/PORTC_Init.o
LOAD ./Static_Code/Peripherals/PORTD_Init.o
LOAD ./Static_Code/Peripherals/PORTE_Init.o
LOAD ./Static_Code/Peripherals/PTA_Init.o
LOAD ./Static_Code/Peripherals/PTB_Init.o
LOAD ./Static_Code/Peripherals/PTC_Init.o
LOAD ./Static_Code/Peripherals/PTD_Init.o
LOAD ./Static_Code/Peripherals/PTE_Init.o
LOAD ./Static_Code/Peripherals/RCM_Init.o
LOAD ./Static_Code/Peripherals/RNG_Init.o
LOAD ./Static_Code/Peripherals/RTC_Init.o
LOAD ./Static_Code/Peripherals/SDHC_Init.o
LOAD ./Static_Code/Peripherals/SIM_Init.o
LOAD ./Static_Code/Peripherals/SMC_Init.o
LOAD ./Static_Code/Peripherals/SPI0_Init.o
LOAD ./Static_Code/Peripherals/SPI1_Init.o
LOAD ./Static_Code/Peripherals/SPI2_Init.o
LOAD ./Static_Code/Peripherals/SysTick_Init.o
LOAD ./Static_Code/Peripherals/SystemControl_Init.o
LOAD ./Static_Code/Peripherals/UART0_Init.o
LOAD ./Static_Code/Peripherals/UART1_Init.o
LOAD ./Static_Code/Peripherals/UART2_Init.o
LOAD ./Static_Code/Peripherals/UART3_Init.o
LOAD ./Static_Code/Peripherals/UART4_Init.o
LOAD ./Static_Code/Peripherals/UART5_Init.o
LOAD ./Static_Code/Peripherals/USB0_Init.o
LOAD ./Static_Code/Peripherals/USBDCD_Init.o
LOAD ./Static_Code/Peripherals/VREF_Init.o
LOAD ./Static_Code/Peripherals/WDOG_Init.o
LOAD ./Sources/Events.o
LOAD ./Sources/main.o
LOAD ./Project_Settings/Startup_Code/startup.o
LOAD ./Generated_Code/Cpu.o
LOAD ./Generated_Code/FRTOS1.o
LOAD ./Generated_Code/PE_LDD.o
LOAD ./Generated_Code/SlowSchedulerTimer.o
LOAD ./Generated_Code/TU1.o
LOAD ./Generated_Code/TU2.o
LOAD ./Generated_Code/ThreadReaderTimer.o
LOAD ./Generated_Code/TimerIntLdd1.o
LOAD ./Generated_Code/TimerIntLdd2.o
LOAD ./Generated_Code/UTIL1.o
LOAD ./Generated_Code/croutine.o
LOAD ./Generated_Code/event_groups.o
LOAD ./Generated_Code/heap_1.o
LOAD ./Generated_Code/heap_2.o
LOAD ./Generated_Code/heap_3.o
LOAD ./Generated_Code/heap_4.o
LOAD ./Generated_Code/heap_5.o
LOAD ./Generated_Code/list.o
LOAD ./Generated_Code/port.o
LOAD ./Generated_Code/queue.o
LOAD ./Generated_Code/tasks.o
LOAD ./Generated_Code/timers.o
LOAD /usr/local/gcc-arm-none-eabi-4_9-2015q3/bin/../lib/gcc/arm-none-eabi/4.9.3/../../../../arm-none-eabi/lib/armv7e-m/fpu/libstdc++.a
LOAD /usr/local/gcc-arm-none-eabi-4_9-2015q3/bin/../lib/gcc/arm-none-eabi/4.9.3/../../../../arm-none-eabi/lib/armv7e-m/fpu/libm.a
START GROUP
LOAD /usr/local/gcc-arm-none-eabi-4_9-2015q3/bin/../lib/gcc/arm-none-eabi/4.9.3/armv7e-m/fpu/libgcc.a
LOAD /usr/local/gcc-arm-none-eabi-4_9-2015q3/bin/../lib/gcc/arm-none-eabi/4.9.3/../../../../arm-none-eabi/lib/armv7e-m/fpu/libg.a
LOAD /usr/local/gcc-arm-none-eabi-4_9-2015q3/bin/../lib/gcc/arm-none-eabi/4.9.3/../../../../arm-none-eabi/lib/armv7e-m/fpu/libc.a
END GROUP
LOAD /usr/local/gcc-arm-none-eabi-4_9-2015q3/bin/../lib/gcc/arm-none-eabi/4.9.3/armv7e-m/fpu/crtend.o
LOAD /usr/local/gcc-arm-none-eabi-4_9-2015q3/bin/../lib/gcc/arm-none-eabi/4.9.3/armv7e-m/fpu/crtn.o
                0x20030000                _estack = 0x20030000
                0x20030000                __SP_INIT = _estack
                0x00000000                __heap_size = 0x0
                0x00000400                __stack_size = 0x400

.interrupts     0x00000000      0x198
                0x00000000                __vector_table = .
                0x00000000                . = ALIGN (0x4)
 *(.vectortable)
 .vectortable   0x00000000      0x198 ./Static_Code/System/Vectors.o
                0x00000000                __vect_table
                0x00000198                . = ALIGN (0x4)

.cfmprotect     0x00000400       0x10
                0x00000400                . = ALIGN (0x4)
 *(.cfmconfig)
 .cfmconfig     0x00000400       0x10 ./Static_Code/System/CPU_Init.o
                0x00000400                _cfm
                0x00000410                . = ALIGN (0x4)

.text           0x00000410     0x20a0
                0x00000410                . = ALIGN (0x4)
 *(.text)
 .text          0x00000410       0x5c /usr/local/gcc-arm-none-eabi-4_9-2015q3/bin/../lib/gcc/arm-none-eabi/4.9.3/armv7e-m/fpu/crtbegin.o
 .text          0x0000046c      0x134 /usr/local/gcc-arm-none-eabi-4_9-2015q3/bin/../lib/gcc/arm-none-eabi/4.9.3/../../../../arm-none-eabi/lib/armv7e-m/fpu/libg.a(lib_a-memcpy.o)
                0x0000046c                memcpy
 .text          0x000005a0       0x1c /usr/local/gcc-arm-none-eabi-4_9-2015q3/bin/../lib/gcc/arm-none-eabi/4.9.3/../../../../arm-none-eabi/lib/armv7e-m/fpu/libg.a(lib_a-setjmp.o)
                0x000005a0                setjmp
                0x000005ac                longjmp
 *(.text*)
 .text.CPU_SetBASEPRI
                0x000005bc       0x18 ./Static_Code/System/CPU_Init.o
                0x000005bc                CPU_SetBASEPRI
 .text.__init_hardware
                0x000005d4       0x84 ./Static_Code/System/CPU_Init.o
                0x000005d4                __init_hardware
 .text.PE_low_level_init
                0x00000658       0x50 ./Static_Code/System/CPU_Init.o
                0x00000658                PE_low_level_init
 .text.CPU_GetClockGenMode
                0x000006a8       0x90 ./Static_Code/System/CPU_Init.o
                0x000006a8                CPU_GetClockGenMode
 .text.CPU_SetClockConfigGenMode
                0x00000738      0x5a8 ./Static_Code/System/CPU_Init.o
                0x00000738                CPU_SetClockConfigGenMode
 .text.UnhandledInterrupt
                0x00000ce0       0x18 ./Static_Code/System/Vectors.o
                0x00000ce0                UnhandledInterrupt
 .text.Cpu_OnNMI
                0x00000cf8        0xc ./Sources/Events.o
                0x00000cf8                Cpu_OnNMI
 .text.FRTOS1_vApplicationStackOverflowHook
                0x00000d04       0x14 ./Sources/Events.o
                0x00000d04                FRTOS1_vApplicationStackOverflowHook
 .text.FRTOS1_vApplicationTickHook
                0x00000d18        0xc ./Sources/Events.o
                0x00000d18                FRTOS1_vApplicationTickHook
 .text.FRTOS1_vApplicationIdleHook
                0x00000d24        0xc ./Sources/Events.o
                0x00000d24                FRTOS1_vApplicationIdleHook
 .text.FRTOS1_vApplicationMallocFailedHook
                0x00000d30       0x10 ./Sources/Events.o
                0x00000d30                FRTOS1_vApplicationMallocFailedHook
 .text.SlowSchedulerTimer_OnInterrupt
                0x00000d40       0x24 ./Sources/Events.o
                0x00000d40                SlowSchedulerTimer_OnInterrupt
 .text.ThreadReaderTimer_OnInterrupt
                0x00000d64       0x14 ./Sources/Events.o
                0x00000d64                ThreadReaderTimer_OnInterrupt
 .text.main     0x00000d78       0x14 ./Sources/main.o
                0x00000d78                main
 .text.__flush_cache
                0x00000d8c       0x14 ./Project_Settings/Startup_Code/startup.o
                0x00000d8c                __flush_cache
 .text.__copy_rom_section
                0x00000da0       0xe4 ./Project_Settings/Startup_Code/startup.o
                0x00000da0                __copy_rom_section
 .text.__copy_rom_sections_to_ram
                0x00000e84       0xc4 ./Project_Settings/Startup_Code/startup.o
                0x00000e84                __copy_rom_sections_to_ram
 .text.zero_fill_bss
                0x00000f48       0xb4 ./Project_Settings/Startup_Code/startup.o
 .text.__init_registers
                0x00000ffc        0xc ./Project_Settings/Startup_Code/startup.o
                0x00000ffc                __init_registers
 .text.__init_user
                0x00001008        0xc ./Project_Settings/Startup_Code/startup.o
                0x00001008                __init_user
 .text.__thumb_startup
                0x00001014       0x48 ./Project_Settings/Startup_Code/startup.o
                0x00001014                __thumb_startup
 .text.Components_Init
                0x0000105c       0x18 ./Generated_Code/Cpu.o
                0x0000105c                Components_Init
 .text.Cpu_INT_NMIInterrupt
                0x00001074       0x1c ./Generated_Code/Cpu.o
                0x00001074                Cpu_INT_NMIInterrupt
 .text.TimerIntLdd1_OnInterrupt
                0x00001090       0x14 ./Generated_Code/SlowSchedulerTimer.o
                0x00001090                TimerIntLdd1_OnInterrupt
 .text.TU1_Init
                0x000010a4       0xf8 ./Generated_Code/TU1.o
                0x000010a4                TU1_Init
 .text.TU1_Interrupt
                0x0000119c       0x6c ./Generated_Code/TU1.o
                0x0000119c                TU1_Interrupt
 .text.TU2_Init
                0x00001208       0xd4 ./Generated_Code/TU2.o
                0x00001208                TU2_Init
 .text.TU2_Interrupt
                0x000012dc       0x6c ./Generated_Code/TU2.o
                0x000012dc                TU2_Interrupt
 .text.TimerIntLdd2_OnInterrupt
                0x00001348       0x14 ./Generated_Code/ThreadReaderTimer.o
                0x00001348                TimerIntLdd2_OnInterrupt
 .text.TimerIntLdd1_Init
                0x0000135c       0x50 ./Generated_Code/TimerIntLdd1.o
                0x0000135c                TimerIntLdd1_Init
 .text.TU1_OnCounterRestart
                0x000013ac       0x24 ./Generated_Code/TimerIntLdd1.o
                0x000013ac                TU1_OnCounterRestart
 .text.TimerIntLdd2_Init
                0x000013d0       0x50 ./Generated_Code/TimerIntLdd2.o
                0x000013d0                TimerIntLdd2_Init
 .text.TU2_OnCounterRestart
                0x00001420       0x24 ./Generated_Code/TimerIntLdd2.o
                0x00001420                TU2_OnCounterRestart
 .text.xCoRoutineRemoveFromEventList
                0x00001444       0x50 ./Generated_Code/croutine.o
                0x00001444                xCoRoutineRemoveFromEventList
 .text.pvPortMalloc
                0x00001494       0x94 ./Generated_Code/heap_1.o
                0x00001494                pvPortMalloc
 .text.vPortFree
                0x00001528       0x24 ./Generated_Code/heap_1.o
                0x00001528                vPortFree
 .text.vListInitialise
                0x0000154c       0x40 ./Generated_Code/list.o
                0x0000154c                vListInitialise
 .text.vListInitialiseItem
                0x0000158c       0x18 ./Generated_Code/list.o
                0x0000158c                vListInitialiseItem
 .text.vListInsertEnd
                0x000015a4       0x48 ./Generated_Code/list.o
                0x000015a4                vListInsertEnd
 .text.uxListRemove
                0x000015ec       0x54 ./Generated_Code/list.o
                0x000015ec                uxListRemove
 .text.pxPortInitialiseStack
                0x00001640       0x60 ./Generated_Code/port.o
                0x00001640                pxPortInitialiseStack
 .text.vPortInitTickTimer
                0x000016a0       0x40 ./Generated_Code/port.o
                0x000016a0                vPortInitTickTimer
 .text.vPortStartTickTimer
                0x000016e0       0x18 ./Generated_Code/port.o
                0x000016e0                vPortStartTickTimer
 .text.vPortStopTickTimer
                0x000016f8       0x18 ./Generated_Code/port.o
                0x000016f8                vPortStopTickTimer
 .text.vPortEnableVFP
                0x00001710       0x1c ./Generated_Code/port.o
                0x00001710                vPortEnableVFP
 .text.xPortStartScheduler
                0x0000172c       0x58 ./Generated_Code/port.o
                0x0000172c                xPortStartScheduler
 .text.vPortEnterCritical
                0x00001784       0x2c ./Generated_Code/port.o
                0x00001784                vPortEnterCritical
 .text.vPortExitCritical
                0x000017b0       0x2c ./Generated_Code/port.o
                0x000017b0                vPortExitCritical
 .text.vPortYieldFromISR
                0x000017dc       0x20 ./Generated_Code/port.o
                0x000017dc                vPortYieldFromISR
 .text.vPortTickHandler
                0x000017fc       0x24 ./Generated_Code/port.o
                0x000017fc                vPortTickHandler
 .text.vPortStartFirstTask
                0x00001820       0x20 ./Generated_Code/port.o
                0x00001820                vPortStartFirstTask
 .text.vPortSVCHandler
                0x00001840       0x1c ./Generated_Code/port.o
                0x00001840                vPortSVCHandler
 .text.vPortPendSVHandler
                0x0000185c       0x50 ./Generated_Code/port.o
                0x0000185c                vPortPendSVHandler
 .text.prvCopyDataToQueue
                0x000018ac       0xdc ./Generated_Code/queue.o
 .text.xQueueCRSendFromISR
                0x00001988       0x54 ./Generated_Code/queue.o
                0x00001988                xQueueCRSendFromISR
 .text.xTaskGenericCreate
                0x000019dc      0x16c ./Generated_Code/tasks.o
                0x000019dc                xTaskGenericCreate
 .text.vTaskStartScheduler
                0x00001b48       0x7c ./Generated_Code/tasks.o
                0x00001b48                vTaskStartScheduler
 .text.vTaskSuspendAll
                0x00001bc4       0x1c ./Generated_Code/tasks.o
                0x00001bc4                vTaskSuspendAll
 .text.xTaskResumeAll
                0x00001be0      0x110 ./Generated_Code/tasks.o
                0x00001be0                xTaskResumeAll
 .text.xTaskIncrementTick
                0x00001cf0      0x184 ./Generated_Code/tasks.o
                0x00001cf0                xTaskIncrementTick
 .text.vTaskSwitchContext
                0x00001e74       0xc8 ./Generated_Code/tasks.o
                0x00001e74                vTaskSwitchContext
 .text.prvIdleTask
                0x00001f3c       0x24 ./Generated_Code/tasks.o
 .text.prvInitialiseTCBVariables
                0x00001f60       0xa4 ./Generated_Code/tasks.o
 .text.prvInitialiseTaskLists
                0x00002004       0x74 ./Generated_Code/tasks.o
 .text.prvCheckTasksWaitingTermination
                0x00002078        0xc ./Generated_Code/tasks.o
 .text.prvAllocateTCBAndStack
                0x00002084       0x70 ./Generated_Code/tasks.o
 .text.prvResetNextTaskUnblockTime
                0x000020f4       0x48 ./Generated_Code/tasks.o
 .text.xTaskPriorityDisinherit
                0x0000213c       0xc4 ./Generated_Code/tasks.o
                0x0000213c                xTaskPriorityDisinherit
 .text.memset   0x00002200       0x9c /usr/local/gcc-arm-none-eabi-4_9-2015q3/bin/../lib/gcc/arm-none-eabi/4.9.3/../../../../arm-none-eabi/lib/armv7e-m/fpu/libg.a(lib_a-memset.o)
                0x00002200                memset
 .text.startup.register_fini
                0x0000229c       0x14 /usr/local/gcc-arm-none-eabi-4_9-2015q3/bin/../lib/gcc/arm-none-eabi/4.9.3/../../../../arm-none-eabi/lib/armv7e-m/fpu/libg.a(lib_a-__call_atexit.o)
 .text.atexit   0x000022b0        0xc /usr/local/gcc-arm-none-eabi-4_9-2015q3/bin/../lib/gcc/arm-none-eabi/4.9.3/../../../../arm-none-eabi/lib/armv7e-m/fpu/libg.a(lib_a-atexit.o)
                0x000022b0                atexit
 .text.__libc_fini_array
                0x000022bc       0x2c /usr/local/gcc-arm-none-eabi-4_9-2015q3/bin/../lib/gcc/arm-none-eabi/4.9.3/../../../../arm-none-eabi/lib/armv7e-m/fpu/libg.a(lib_a-fini.o)
                0x000022bc                __libc_fini_array
 .text.__register_exitproc
                0x000022e8       0xa4 /usr/local/gcc-arm-none-eabi-4_9-2015q3/bin/../lib/gcc/arm-none-eabi/4.9.3/../../../../arm-none-eabi/lib/armv7e-m/fpu/libg.a(lib_a-__atexit.o)
                0x000022e8                __register_exitproc
 *(.rodata)
 .rodata        0x0000238c        0x5 ./Generated_Code/tasks.o
 *(.rodata*)
 *fill*         0x00002391        0x3 
 .rodata.ClockGenModeMatrix
                0x00002394       0x80 ./Static_Code/System/CPU_Init.o
 .rodata.CPU_ClockConfigDescriptors
                0x00002414       0x1c ./Static_Code/System/CPU_Init.o
 .rodata.CPU_DefaultFEI
                0x00002430        0x7 ./Static_Code/System/CPU_Init.o
 *fill*         0x00002437        0x1 
 .rodata.CPU_DefaultFBI
                0x00002438        0x7 ./Static_Code/System/CPU_Init.o
 *fill*         0x0000243f        0x1 
 .rodata.CPU_DefaultBLPI
                0x00002440        0x7 ./Static_Code/System/CPU_Init.o
 *fill*         0x00002447        0x1 
 .rodata.CPU_DefaultFEE
                0x00002448        0x7 ./Static_Code/System/CPU_Init.o
 *fill*         0x0000244f        0x1 
 .rodata.CPU_DefaultFBE
                0x00002450        0x7 ./Static_Code/System/CPU_Init.o
 *fill*         0x00002457        0x1 
 .rodata.CPU_DefaultBLPE
                0x00002458        0x7 ./Static_Code/System/CPU_Init.o
 *fill*         0x0000245f        0x1 
 .rodata.CPU_DefaultPBE
                0x00002460        0x7 ./Static_Code/System/CPU_Init.o
 *fill*         0x00002467        0x1 
 .rodata.CPU_DefaultPEE
                0x00002468        0x7 ./Static_Code/System/CPU_Init.o
 *fill*         0x0000246f        0x1 
 .rodata.CPU_ClockGenModeRegs
                0x00002470       0x20 ./Static_Code/System/CPU_Init.o
 .rodata.str1.4
                0x00002490        0x4 /usr/local/gcc-arm-none-eabi-4_9-2015q3/bin/../lib/gcc/arm-none-eabi/4.9.3/../../../../arm-none-eabi/lib/armv7e-m/fpu/libg.a(lib_a-impure.o)
                                  0x2 (size before relaxing)
 .rodata._global_impure_ptr
                0x00002494        0x4 /usr/local/gcc-arm-none-eabi-4_9-2015q3/bin/../lib/gcc/arm-none-eabi/4.9.3/../../../../arm-none-eabi/lib/armv7e-m/fpu/libg.a(lib_a-impure.o)
                0x00002494                _global_impure_ptr
 *(.glue_7)
 .glue_7        0x00000000        0x0 linker stubs
 *(.glue_7t)
 .glue_7t       0x00000000        0x0 linker stubs
 *(.eh_frame)
 .eh_frame      0x00002498        0x0 /usr/local/gcc-arm-none-eabi-4_9-2015q3/bin/../lib/gcc/arm-none-eabi/4.9.3/armv7e-m/fpu/crtbegin.o
 *(.init)
 .init          0x00002498        0x4 /usr/local/gcc-arm-none-eabi-4_9-2015q3/bin/../lib/gcc/arm-none-eabi/4.9.3/armv7e-m/fpu/crti.o
                0x00002498                _init
 .init          0x0000249c        0x8 /usr/local/gcc-arm-none-eabi-4_9-2015q3/bin/../lib/gcc/arm-none-eabi/4.9.3/armv7e-m/fpu/crtn.o
 *(.fini)
 .fini          0x000024a4        0x4 /usr/local/gcc-arm-none-eabi-4_9-2015q3/bin/../lib/gcc/arm-none-eabi/4.9.3/armv7e-m/fpu/crti.o
                0x000024a4                _fini
 .fini          0x000024a8        0x8 /usr/local/gcc-arm-none-eabi-4_9-2015q3/bin/../lib/gcc/arm-none-eabi/4.9.3/armv7e-m/fpu/crtn.o
                0x000024b0                . = ALIGN (0x4)
                0x000024b0                _etext = .

.vfp11_veneer   0x000024b0        0x0
 .vfp11_veneer  0x00000000        0x0 linker stubs

.v4_bx          0x000024b0        0x0
 .v4_bx         0x00000000        0x0 linker stubs

.iplt           0x000024b0        0x0
 .iplt          0x00000000        0x0 /usr/local/gcc-arm-none-eabi-4_9-2015q3/bin/../lib/gcc/arm-none-eabi/4.9.3/armv7e-m/fpu/crtbegin.o

.rel.dyn        0x000024b0        0x0
 .rel.iplt      0x00000000        0x0 /usr/local/gcc-arm-none-eabi-4_9-2015q3/bin/../lib/gcc/arm-none-eabi/4.9.3/armv7e-m/fpu/crtbegin.o

.ARM.extab
 *(.ARM.extab* .gnu.linkonce.armextab.*)

.ARM            0x000024b0        0x0
                0x000024b0                __exidx_start = .
 *(.ARM.exidx*)
                0x000024b0                __exidx_end = .

.ctors          0x000024b0        0x0
                0x000024b0                __CTOR_LIST__ = .
 *crtbegin.o(.ctors)
 *(EXCLUDE_FILE(*crtend.o) .ctors)
 *(SORT(.ctors.*))
 *(.ctors)
                0x000024b0                __CTOR_END__ = .

.dtors          0x000024b0        0x0
                0x000024b0                __DTOR_LIST__ = .
 *crtbegin.o(.dtors)
 *(EXCLUDE_FILE(*crtend.o) .dtors)
 *(SORT(.dtors.*))
 *(.dtors)
                0x000024b0                __DTOR_END__ = .

.preinit_array  0x000024b0        0x0
                0x000024b0                PROVIDE (__preinit_array_start, .)
 *(.preinit_array*)
                0x000024b0                PROVIDE (__preinit_array_end, .)

.init_array     0x000024b0        0x8
                0x000024b0                PROVIDE (__init_array_start, .)
 *(SORT(.init_array.*))
 .init_array.00000
                0x000024b0        0x4 /usr/local/gcc-arm-none-eabi-4_9-2015q3/bin/../lib/gcc/arm-none-eabi/4.9.3/../../../../arm-none-eabi/lib/armv7e-m/fpu/libg.a(lib_a-__call_atexit.o)
 *(.init_array*)
 .init_array    0x000024b4        0x4 /usr/local/gcc-arm-none-eabi-4_9-2015q3/bin/../lib/gcc/arm-none-eabi/4.9.3/armv7e-m/fpu/crtbegin.o
                0x000024b8                PROVIDE (__init_array_end, .)

.fini_array     0x000024b8        0x4
                0x000024b8                PROVIDE (__fini_array_start, .)
 *(SORT(.fini_array.*))
 *(.fini_array*)
 .fini_array    0x000024b8        0x4 /usr/local/gcc-arm-none-eabi-4_9-2015q3/bin/../lib/gcc/arm-none-eabi/4.9.3/armv7e-m/fpu/crtbegin.o
                0x000024bc                PROVIDE (__fini_array_end, .)
                0x000024bc                ___ROM_AT = .

.data           0x20000000      0x430 load address 0x000024bc
                0x20000000                . = ALIGN (0x4)
                0x20000000                _sdata = .
 *(.data)
 *(.data*)
 .data.uxCriticalNesting
                0x20000000        0x4 ./Generated_Code/port.o
 *fill*         0x20000004        0x4 
 .data.impure_data
                0x20000008      0x428 /usr/local/gcc-arm-none-eabi-4_9-2015q3/bin/../lib/gcc/arm-none-eabi/4.9.3/../../../../arm-none-eabi/lib/armv7e-m/fpu/libg.a(lib_a-impure.o)
                0x20000430                . = ALIGN (0x4)
                0x20000430                _edata = .
                0x00000430                ___data_size = (_edata - _sdata)
                0x000028ec                ___m_data_1FFF0000_ROMStart = (___ROM_AT + SIZEOF (.data))

.jcr            0x20000430        0x0 load address 0x000028ec
 .jcr           0x20000430        0x0 /usr/local/gcc-arm-none-eabi-4_9-2015q3/bin/../lib/gcc/arm-none-eabi/4.9.3/armv7e-m/fpu/crtbegin.o

.igot.plt       0x20000430        0x0 load address 0x000028ec
 .igot.plt      0x00000000        0x0 /usr/local/gcc-arm-none-eabi-4_9-2015q3/bin/../lib/gcc/arm-none-eabi/4.9.3/armv7e-m/fpu/crtbegin.o

.m_data_1FFF0000
                0x1fff0000        0x0 load address 0x000028ec
                0x1fff0000                . = ALIGN (0x4)
                0x1fff0000                ___m_data_1FFF0000_RAMStart = .
 *(.m_data_1FFF0000)
                0x1fff0000                ___m_data_1FFF0000_RAMEnd = .
                0x1fff0000                . = ALIGN (0x4)
                0x00000000                ___m_data_1FFF0000_ROMSize = (___m_data_1FFF0000_RAMEnd - ___m_data_1FFF0000_RAMStart)
                0x1fff0000                . = ALIGN (0x4)

.bss            0x20000430      0xa10 load address 0x000028ec
                0x20000430                __START_BSS = .
                0x20000430                PROVIDE (__bss_start__, __START_BSS)
 *(.bss)
 .bss           0x20000430       0x1c /usr/local/gcc-arm-none-eabi-4_9-2015q3/bin/../lib/gcc/arm-none-eabi/4.9.3/armv7e-m/fpu/crtbegin.o
 *(.bss*)
 .bss.argv      0x2000044c       0x28 ./Project_Settings/Startup_Code/startup.o
 .bss.PE_LDD_DeviceDataList
                0x20000474       0x10 ./Generated_Code/PE_LDD.o
                0x20000474                PE_LDD_DeviceDataList
 .bss.DeviceDataPrv__DEFAULT_RTOS_ALLOC
                0x20000484        0xc ./Generated_Code/TU1.o
 .bss.INT_FTM0__BAREBOARD_RTOS_ISRPARAM
                0x20000490        0x4 ./Generated_Code/TU1.o
 .bss.DeviceDataPrv__DEFAULT_RTOS_ALLOC
                0x20000494        0xc ./Generated_Code/TU2.o
 .bss.INT_FTM1__BAREBOARD_RTOS_ISRPARAM
                0x200004a0        0x4 ./Generated_Code/TU2.o
 .bss.DeviceDataPrv__DEFAULT_RTOS_ALLOC
                0x200004a4        0xc ./Generated_Code/TimerIntLdd1.o
 .bss.DeviceDataPrv__DEFAULT_RTOS_ALLOC
                0x200004b0        0xc ./Generated_Code/TimerIntLdd2.o
 .bss.xPendingReadyCoRoutineList
                0x200004bc       0x14 ./Generated_Code/croutine.o
 .bss.pxCurrentCoRoutine
                0x200004d0        0x4 ./Generated_Code/croutine.o
                0x200004d0                pxCurrentCoRoutine
 .bss.ucHeap    0x200004d4      0x800 ./Generated_Code/heap_1.o
 .bss.xNextFreeByte
                0x20000cd4        0x4 ./Generated_Code/heap_1.o
 .bss.pucAlignedHeap.7527
                0x20000cd8        0x4 ./Generated_Code/heap_1.o
 .bss.xJumpBuf  0x20000cdc       0x5c ./Generated_Code/port.o
 .bss.pxCurrentTCB
                0x20000d38        0x4 ./Generated_Code/tasks.o
                0x20000d38                pxCurrentTCB
 .bss.pxReadyTasksLists
                0x20000d3c       0x78 ./Generated_Code/tasks.o
 .bss.xDelayedTaskList1
                0x20000db4       0x14 ./Generated_Code/tasks.o
 .bss.xDelayedTaskList2
                0x20000dc8       0x14 ./Generated_Code/tasks.o
 .bss.pxDelayedTaskList
                0x20000ddc        0x4 ./Generated_Code/tasks.o
 .bss.pxOverflowDelayedTaskList
                0x20000de0        0x4 ./Generated_Code/tasks.o
 .bss.xPendingReadyList
                0x20000de4       0x14 ./Generated_Code/tasks.o
 .bss.xSuspendedTaskList
                0x20000df8       0x14 ./Generated_Code/tasks.o
 .bss.xIdleTaskHandle
                0x20000e0c        0x4 ./Generated_Code/tasks.o
 .bss.uxCurrentNumberOfTasks
                0x20000e10        0x4 ./Generated_Code/tasks.o
 .bss.xTickCount
                0x20000e14        0x4 ./Generated_Code/tasks.o
 .bss.uxTopReadyPriority
                0x20000e18        0x4 ./Generated_Code/tasks.o
 .bss.xSchedulerRunning
                0x20000e1c        0x4 ./Generated_Code/tasks.o
 .bss.uxPendedTicks
                0x20000e20        0x4 ./Generated_Code/tasks.o
 .bss.xYieldPending
                0x20000e24        0x4 ./Generated_Code/tasks.o
 .bss.xNumOfOverflows
                0x20000e28        0x4 ./Generated_Code/tasks.o
 .bss.uxTaskNumber
                0x20000e2c        0x4 ./Generated_Code/tasks.o
 .bss.xNextTaskUnblockTime
                0x20000e30        0x4 ./Generated_Code/tasks.o
 .bss.uxSchedulerSuspended
                0x20000e34        0x4 ./Generated_Code/tasks.o
 *(COMMON)
 COMMON         0x20000e38        0x8 ./Sources/Events.o
                0x20000e38                readerQueue
                0x20000e3c                schedulerQueue
                0x20000e40                . = ALIGN (0x4)
                0x20000e40                __END_BSS = .
                0x20000e40                PROVIDE (__bss_end__, __END_BSS)
                0x000028ec                _romp_at = ((___ROM_AT + SIZEOF (.data)) + SIZEOF (.m_data_1FFF0000))

.romp           0x20000e40       0x24 load address 0x000028ec
                0x000028ec                __S_romp = _romp_at
                0x20000e40        0x4 LONG 0x24bc ___ROM_AT
                0x20000e44        0x4 LONG 0x20000000 _sdata
                0x20000e48        0x4 LONG 0x430 ___data_size
                0x20000e4c        0x4 LONG 0x28ec ___m_data_1FFF0000_ROMStart
                0x20000e50        0x4 LONG 0x1fff0000 ___m_data_1FFF0000_RAMStart
                0x20000e54        0x4 LONG 0x0 ___m_data_1FFF0000_ROMSize
                0x20000e58        0x4 LONG 0x0
                0x20000e5c        0x4 LONG 0x0
                0x20000e60        0x4 LONG 0x0

._user_heap_stack
                0x20000e64      0x400 load address 0x00002910
                0x20000e64                . = ALIGN (0x4)
                0x20000e64                PROVIDE (end, .)
                0x20000e64                PROVIDE (_end, .)
                0x20000e64                __heap_addr = .
                0x20000e64                . = (. + __heap_size)
                0x20001264                . = (. + __stack_size)
 *fill*         0x20000e64      0x400 
                0x20001264                . = ALIGN (0x4)

.ARM.attributes
                0x00000000       0x30
 *(.ARM.attributes)
 .ARM.attributes
                0x00000000       0x22 /usr/local/gcc-arm-none-eabi-4_9-2015q3/bin/../lib/gcc/arm-none-eabi/4.9.3/armv7e-m/fpu/crti.o
 .ARM.attributes
                0x00000022       0x34 /usr/local/gcc-arm-none-eabi-4_9-2015q3/bin/../lib/gcc/arm-none-eabi/4.9.3/armv7e-m/fpu/crtbegin.o
 .ARM.attributes
                0x00000056       0x39 ./Static_Code/System/CPU_Init.o
 .ARM.attributes
                0x0000008f       0x39 ./Static_Code/System/Vectors.o
 .ARM.attributes
                0x000000c8       0x39 ./Sources/Events.o
 .ARM.attributes
                0x00000101       0x39 ./Sources/main.o
 .ARM.attributes
                0x0000013a       0x39 ./Project_Settings/Startup_Code/startup.o
 .ARM.attributes
                0x00000173       0x39 ./Generated_Code/Cpu.o
 .ARM.attributes
                0x000001ac       0x39 ./Generated_Code/PE_LDD.o
 .ARM.attributes
                0x000001e5       0x39 ./Generated_Code/SlowSchedulerTimer.o
 .ARM.attributes
                0x0000021e       0x39 ./Generated_Code/TU1.o
 .ARM.attributes
                0x00000257       0x39 ./Generated_Code/TU2.o
 .ARM.attributes
                0x00000290       0x39 ./Generated_Code/ThreadReaderTimer.o
 .ARM.attributes
                0x000002c9       0x39 ./Generated_Code/TimerIntLdd1.o
 .ARM.attributes
                0x00000302       0x39 ./Generated_Code/TimerIntLdd2.o
 .ARM.attributes
                0x0000033b       0x39 ./Generated_Code/croutine.o
 .ARM.attributes
                0x00000374       0x39 ./Generated_Code/heap_1.o
 .ARM.attributes
                0x000003ad       0x39 ./Generated_Code/list.o
 .ARM.attributes
                0x000003e6       0x39 ./Generated_Code/port.o
 .ARM.attributes
                0x0000041f       0x39 ./Generated_Code/queue.o
 .ARM.attributes
                0x00000458       0x39 ./Generated_Code/tasks.o
 .ARM.attributes
                0x00000491       0x34 /usr/local/gcc-arm-none-eabi-4_9-2015q3/bin/../lib/gcc/arm-none-eabi/4.9.3/../../../../arm-none-eabi/lib/armv7e-m/fpu/libg.a(lib_a-impure.o)
 .ARM.attributes
                0x000004c5       0x20 /usr/local/gcc-arm-none-eabi-4_9-2015q3/bin/../lib/gcc/arm-none-eabi/4.9.3/../../../../arm-none-eabi/lib/armv7e-m/fpu/libg.a(lib_a-memcpy.o)
 .ARM.attributes
                0x000004e5       0x34 /usr/local/gcc-arm-none-eabi-4_9-2015q3/bin/../lib/gcc/arm-none-eabi/4.9.3/../../../../arm-none-eabi/lib/armv7e-m/fpu/libg.a(lib_a-memset.o)
 .ARM.attributes
                0x00000519       0x20 /usr/local/gcc-arm-none-eabi-4_9-2015q3/bin/../lib/gcc/arm-none-eabi/4.9.3/../../../../arm-none-eabi/lib/armv7e-m/fpu/libg.a(lib_a-setjmp.o)
 .ARM.attributes
                0x00000539       0x34 /usr/local/gcc-arm-none-eabi-4_9-2015q3/bin/../lib/gcc/arm-none-eabi/4.9.3/../../../../arm-none-eabi/lib/armv7e-m/fpu/libg.a(lib_a-__call_atexit.o)
 .ARM.attributes
                0x0000056d       0x34 /usr/local/gcc-arm-none-eabi-4_9-2015q3/bin/../lib/gcc/arm-none-eabi/4.9.3/../../../../arm-none-eabi/lib/armv7e-m/fpu/libg.a(lib_a-atexit.o)
 .ARM.attributes
                0x000005a1       0x34 /usr/local/gcc-arm-none-eabi-4_9-2015q3/bin/../lib/gcc/arm-none-eabi/4.9.3/../../../../arm-none-eabi/lib/armv7e-m/fpu/libg.a(lib_a-fini.o)
 .ARM.attributes
                0x000005d5       0x34 /usr/local/gcc-arm-none-eabi-4_9-2015q3/bin/../lib/gcc/arm-none-eabi/4.9.3/../../../../arm-none-eabi/lib/armv7e-m/fpu/libg.a(lib_a-__atexit.o)
 .ARM.attributes
                0x00000609       0x22 /usr/local/gcc-arm-none-eabi-4_9-2015q3/bin/../lib/gcc/arm-none-eabi/4.9.3/armv7e-m/fpu/crtn.o
OUTPUT(Coroutine.elf elf32-littlearm)

.debug_info     0x00000000     0x5a06
 .debug_info    0x00000000      0xa7f ./Static_Code/System/CPU_Init.o
 .debug_info    0x00000a7f      0x825 ./Static_Code/System/Vectors.o
 .debug_info    0x000012a4      0x1a7 ./Sources/Events.o
 .debug_info    0x0000144b      0x449 ./Sources/main.o
 .debug_info    0x00001894      0x308 ./Project_Settings/Startup_Code/startup.o
 .debug_info    0x00001b9c       0xa7 ./Generated_Code/Cpu.o
 .debug_info    0x00001c43      0x251 ./Generated_Code/PE_LDD.o
 .debug_info    0x00001e94       0xb2 ./Generated_Code/SlowSchedulerTimer.o
 .debug_info    0x00001f46      0x647 ./Generated_Code/TU1.o
 .debug_info    0x0000258d      0x647 ./Generated_Code/TU2.o
 .debug_info    0x00002bd4       0xb2 ./Generated_Code/ThreadReaderTimer.o
 .debug_info    0x00002c86      0x177 ./Generated_Code/TimerIntLdd1.o
 .debug_info    0x00002dfd      0x177 ./Generated_Code/TimerIntLdd2.o
 .debug_info    0x00002f74      0x4ca ./Generated_Code/croutine.o
 .debug_info    0x0000343e      0x187 ./Generated_Code/heap_1.o
 .debug_info    0x000035c5      0x2a8 ./Generated_Code/list.o
 .debug_info    0x0000386d      0x287 ./Generated_Code/port.o
 .debug_info    0x00003af4      0xc3c ./Generated_Code/queue.o
 .debug_info    0x00004730     0x12d6 ./Generated_Code/tasks.o

.debug_abbrev   0x00000000     0x1478
 .debug_abbrev  0x00000000      0x1bf ./Static_Code/System/CPU_Init.o
 .debug_abbrev  0x000001bf       0xd8 ./Static_Code/System/Vectors.o
 .debug_abbrev  0x00000297       0xd2 ./Sources/Events.o
 .debug_abbrev  0x00000369      0x126 ./Sources/main.o
 .debug_abbrev  0x0000048f      0x148 ./Project_Settings/Startup_Code/startup.o
 .debug_abbrev  0x000005d7       0x45 ./Generated_Code/Cpu.o
 .debug_abbrev  0x0000061c      0x10d ./Generated_Code/PE_LDD.o
 .debug_abbrev  0x00000729       0x68 ./Generated_Code/SlowSchedulerTimer.o
 .debug_abbrev  0x00000791      0x16a ./Generated_Code/TU1.o
 .debug_abbrev  0x000008fb      0x16a ./Generated_Code/TU2.o
 .debug_abbrev  0x00000a65       0x68 ./Generated_Code/ThreadReaderTimer.o
 .debug_abbrev  0x00000acd       0xdd ./Generated_Code/TimerIntLdd1.o
 .debug_abbrev  0x00000baa       0xdd ./Generated_Code/TimerIntLdd2.o
 .debug_abbrev  0x00000c87      0x183 ./Generated_Code/croutine.o
 .debug_abbrev  0x00000e0a       0xf1 ./Generated_Code/heap_1.o
 .debug_abbrev  0x00000efb       0xc1 ./Generated_Code/list.o
 .debug_abbrev  0x00000fbc      0x10c ./Generated_Code/port.o
 .debug_abbrev  0x000010c8      0x160 ./Generated_Code/queue.o
 .debug_abbrev  0x00001228      0x250 ./Generated_Code/tasks.o

.debug_aranges  0x00000000      0x9b8
 .debug_aranges
                0x00000000       0x40 ./Static_Code/System/CPU_Init.o
 .debug_aranges
                0x00000040      0x340 ./Static_Code/System/Vectors.o
 .debug_aranges
                0x00000380       0x50 ./Sources/Events.o
 .debug_aranges
                0x000003d0       0x58 ./Sources/main.o
 .debug_aranges
                0x00000428       0x60 ./Project_Settings/Startup_Code/startup.o
 .debug_aranges
                0x00000488       0x28 ./Generated_Code/Cpu.o
 .debug_aranges
                0x000004b0       0x30 ./Generated_Code/PE_LDD.o
 .debug_aranges
                0x000004e0       0x20 ./Generated_Code/SlowSchedulerTimer.o
 .debug_aranges
                0x00000500       0x28 ./Generated_Code/TU1.o
 .debug_aranges
                0x00000528       0x28 ./Generated_Code/TU2.o
 .debug_aranges
                0x00000550       0x20 ./Generated_Code/ThreadReaderTimer.o
 .debug_aranges
                0x00000570       0x28 ./Generated_Code/TimerIntLdd1.o
 .debug_aranges
                0x00000598       0x28 ./Generated_Code/TimerIntLdd2.o
 .debug_aranges
                0x000005c0       0x50 ./Generated_Code/croutine.o
 .debug_aranges
                0x00000610       0x38 ./Generated_Code/heap_1.o
 .debug_aranges
                0x00000648       0x40 ./Generated_Code/list.o
 .debug_aranges
                0x00000688       0x98 ./Generated_Code/port.o
 .debug_aranges
                0x00000720       0xf8 ./Generated_Code/queue.o
 .debug_aranges
                0x00000818      0x1a0 ./Generated_Code/tasks.o

.debug_ranges   0x00000000      0x888
 .debug_ranges  0x00000000       0x30 ./Static_Code/System/CPU_Init.o
 .debug_ranges  0x00000030      0x330 ./Static_Code/System/Vectors.o
 .debug_ranges  0x00000360       0x40 ./Sources/Events.o
 .debug_ranges  0x000003a0       0x48 ./Sources/main.o
 .debug_ranges  0x000003e8       0x50 ./Project_Settings/Startup_Code/startup.o
 .debug_ranges  0x00000438       0x18 ./Generated_Code/Cpu.o
 .debug_ranges  0x00000450       0x20 ./Generated_Code/PE_LDD.o
 .debug_ranges  0x00000470       0x10 ./Generated_Code/SlowSchedulerTimer.o
 .debug_ranges  0x00000480       0x18 ./Generated_Code/TU1.o
 .debug_ranges  0x00000498       0x18 ./Generated_Code/TU2.o
 .debug_ranges  0x000004b0       0x10 ./Generated_Code/ThreadReaderTimer.o
 .debug_ranges  0x000004c0       0x18 ./Generated_Code/TimerIntLdd1.o
 .debug_ranges  0x000004d8       0x18 ./Generated_Code/TimerIntLdd2.o
 .debug_ranges  0x000004f0       0x40 ./Generated_Code/croutine.o
 .debug_ranges  0x00000530       0x28 ./Generated_Code/heap_1.o
 .debug_ranges  0x00000558       0x30 ./Generated_Code/list.o
 .debug_ranges  0x00000588       0x88 ./Generated_Code/port.o
 .debug_ranges  0x00000610       0xe8 ./Generated_Code/queue.o
 .debug_ranges  0x000006f8      0x190 ./Generated_Code/tasks.o

.debug_macro    0x00000000    0x216cc
 .debug_macro   0x00000000      0x2ea ./Static_Code/System/CPU_Init.o
 .debug_macro   0x000002ea      0x86e ./Static_Code/System/CPU_Init.o
 .debug_macro   0x00000b58       0x22 ./Static_Code/System/CPU_Init.o
 .debug_macro   0x00000b7a       0x44 ./Static_Code/System/CPU_Init.o
 .debug_macro   0x00000bbe       0xe3 ./Static_Code/System/CPU_Init.o
 .debug_macro   0x00000ca1       0x22 ./Static_Code/System/CPU_Init.o
 .debug_macro   0x00000cc3      0x1df ./Static_Code/System/CPU_Init.o
 .debug_macro   0x00000ea2     0x178a ./Static_Code/System/CPU_Init.o
 .debug_macro   0x0000262c    0x10f7a ./Static_Code/System/CPU_Init.o
 .debug_macro   0x000135a6      0x472 ./Static_Code/System/CPU_Init.o
 .debug_macro   0x00013a18      0x14e ./Static_Code/System/CPU_Init.o
 .debug_macro   0x00013b66       0x6a ./Static_Code/System/CPU_Init.o
 .debug_macro   0x00013bd0       0x58 ./Static_Code/System/CPU_Init.o
 .debug_macro   0x00013c28       0x35 ./Static_Code/System/CPU_Init.o
 .debug_macro   0x00013c5d       0x9c ./Static_Code/System/CPU_Init.o
 .debug_macro   0x00013cf9       0x16 ./Static_Code/System/CPU_Init.o
 .debug_macro   0x00013d0f      0x166 ./Static_Code/System/CPU_Init.o
 .debug_macro   0x00013e75       0x52 ./Static_Code/System/CPU_Init.o
 .debug_macro   0x00013ec7       0x16 ./Static_Code/System/CPU_Init.o
 .debug_macro   0x00013edd       0x43 ./Static_Code/System/CPU_Init.o
 .debug_macro   0x00013f20      0x180 ./Static_Code/System/CPU_Init.o
 .debug_macro   0x000140a0      0x29d ./Static_Code/System/CPU_Init.o
 .debug_macro   0x0001433d       0x10 ./Static_Code/System/CPU_Init.o
 .debug_macro   0x0001434d       0x35 ./Static_Code/System/CPU_Init.o
 .debug_macro   0x00014382       0x19 ./Static_Code/System/CPU_Init.o
 .debug_macro   0x0001439b      0x2a7 ./Static_Code/System/CPU_Init.o
 .debug_macro   0x00014642      0x15d ./Static_Code/System/CPU_Init.o
 .debug_macro   0x0001479f       0xce ./Static_Code/System/CPU_Init.o
 .debug_macro   0x0001486d       0x10 ./Static_Code/System/CPU_Init.o
 .debug_macro   0x0001487d       0x1f ./Static_Code/System/CPU_Init.o
 .debug_macro   0x0001489c       0xc0 ./Static_Code/System/CPU_Init.o
 .debug_macro   0x0001495c       0x9a ./Static_Code/System/CPU_Init.o
 .debug_macro   0x000149f6      0x361 ./Static_Code/System/CPU_Init.o
 .debug_macro   0x00014d57       0xb0 ./Static_Code/System/CPU_Init.o
 .debug_macro   0x00014e07       0x7f ./Static_Code/System/CPU_Init.o
 .debug_macro   0x00014e86       0x97 ./Static_Code/System/CPU_Init.o
 .debug_macro   0x00014f1d       0x19 ./Static_Code/System/CPU_Init.o
 .debug_macro   0x00014f36      0x2c7 ./Static_Code/System/CPU_Init.o
 .debug_macro   0x000151fd       0x94 ./Static_Code/System/CPU_Init.o
 .debug_macro   0x00015291      0x6a0 ./Static_Code/System/CPU_Init.o
 .debug_macro   0x00015931       0x49 ./Static_Code/System/CPU_Init.o
 .debug_macro   0x0001597a       0x1c ./Static_Code/System/CPU_Init.o
 .debug_macro   0x00015996       0x4f ./Static_Code/System/CPU_Init.o
 .debug_macro   0x000159e5       0x1c ./Static_Code/System/CPU_Init.o
 .debug_macro   0x00015a01      0x299 ./Static_Code/System/CPU_Init.o
 .debug_macro   0x00015c9a      0x2d8 ./Static_Code/System/Vectors.o
 .debug_macro   0x00015f72      0x429 ./Sources/Events.o
 .debug_macro   0x0001639b      0x61c ./Sources/Events.o
 .debug_macro   0x000169b7      0x626 ./Sources/Events.o
 .debug_macro   0x00016fdd      0x327 ./Sources/Events.o
 .debug_macro   0x00017304      0x1e8 ./Sources/Events.o
 .debug_macro   0x000174ec      0x109 ./Sources/Events.o
 .debug_macro   0x000175f5      0x17e ./Sources/Events.o
 .debug_macro   0x00017773      0x200 ./Sources/Events.o
 .debug_macro   0x00017973      0x91e ./Sources/Events.o
 .debug_macro   0x00018291      0x588 ./Sources/Events.o
 .debug_macro   0x00018819       0x9e ./Sources/Events.o
 .debug_macro   0x000188b7      0x1f7 ./Sources/Events.o
 .debug_macro   0x00018aae      0x50f ./Sources/Events.o
 .debug_macro   0x00018fbd      0x131 ./Sources/Events.o
 .debug_macro   0x000190ee      0x297 ./Sources/Events.o
 .debug_macro   0x00019385      0x318 ./Sources/Events.o
 .debug_macro   0x0001969d      0x25a ./Sources/Events.o
 .debug_macro   0x000198f7      0x13d ./Sources/Events.o
 .debug_macro   0x00019a34      0x30b ./Sources/Events.o
 .debug_macro   0x00019d3f       0xba ./Sources/Events.o
 .debug_macro   0x00019df9       0xe9 ./Sources/Events.o
 .debug_macro   0x00019ee2      0x4e9 ./Sources/Events.o
 .debug_macro   0x0001a3cb      0x191 ./Sources/Events.o
 .debug_macro   0x0001a55c       0xea ./Sources/Events.o
 .debug_macro   0x0001a646      0x348 ./Sources/Events.o
 .debug_macro   0x0001a98e      0x7d6 ./Sources/Events.o
 .debug_macro   0x0001b164      0x179 ./Sources/Events.o
 .debug_macro   0x0001b2dd      0x645 ./Sources/Events.o
 .debug_macro   0x0001b922      0x892 ./Sources/Events.o
 .debug_macro   0x0001c1b4      0x11c ./Sources/Events.o
 .debug_macro   0x0001c2d0      0x648 ./Sources/Events.o
 .debug_macro   0x0001c918       0x81 ./Sources/Events.o
 .debug_macro   0x0001c999      0x7bf ./Sources/Events.o
 .debug_macro   0x0001d158      0x10f ./Sources/Events.o
 .debug_macro   0x0001d267      0x614 ./Sources/Events.o
 .debug_macro   0x0001d87b      0x181 ./Sources/Events.o
 .debug_macro   0x0001d9fc       0x43 ./Sources/Events.o
 .debug_macro   0x0001da3f      0x425 ./Sources/main.o
 .debug_macro   0x0001de64      0x102 ./Project_Settings/Startup_Code/startup.o
 .debug_macro   0x0001df66       0x4a ./Project_Settings/Startup_Code/startup.o
 .debug_macro   0x0001dfb0       0x16 ./Project_Settings/Startup_Code/startup.o
 .debug_macro   0x0001dfc6       0x22 ./Project_Settings/Startup_Code/startup.o
 .debug_macro   0x0001dfe8      0x2de ./Generated_Code/Cpu.o
 .debug_macro   0x0001e2c6     0x1784 ./Generated_Code/Cpu.o
 .debug_macro   0x0001fa4a      0x28b ./Generated_Code/PE_LDD.o
 .debug_macro   0x0001fcd5      0x2b7 ./Generated_Code/SlowSchedulerTimer.o
 .debug_macro   0x0001ff8c      0x189 ./Generated_Code/TU1.o
 .debug_macro   0x00020115      0x189 ./Generated_Code/TU2.o
 .debug_macro   0x0002029e       0x49 ./Generated_Code/TU2.o
 .debug_macro   0x000202e7      0x2b7 ./Generated_Code/ThreadReaderTimer.o
 .debug_macro   0x0002059e      0x193 ./Generated_Code/TimerIntLdd1.o
 .debug_macro   0x00020731      0x193 ./Generated_Code/TimerIntLdd2.o
 .debug_macro   0x000208c4       0xf0 ./Generated_Code/croutine.o
 .debug_macro   0x000209b4      0x2f0 ./Generated_Code/heap_1.o
 .debug_macro   0x00020ca4       0x16 ./Generated_Code/heap_1.o
 .debug_macro   0x00020cba      0x180 ./Generated_Code/list.o
 .debug_macro   0x00020e3a      0x269 ./Generated_Code/port.o
 .debug_macro   0x000210a3       0xc8 ./Generated_Code/port.o
 .debug_macro   0x0002116b      0x1f2 ./Generated_Code/queue.o
 .debug_macro   0x0002135d      0x35f ./Generated_Code/tasks.o
 .debug_macro   0x000216bc       0x10 ./Generated_Code/tasks.o

.debug_line     0x00000000     0x7b7e
 .debug_line    0x00000000      0x718 ./Static_Code/System/CPU_Init.o
 .debug_line    0x00000718      0xccc ./Static_Code/System/Vectors.o
 .debug_line    0x000013e4      0x7d1 ./Sources/Events.o
 .debug_line    0x00001bb5      0x876 ./Sources/main.o
 .debug_line    0x0000242b      0x344 ./Project_Settings/Startup_Code/startup.o
 .debug_line    0x0000276f      0x623 ./Generated_Code/Cpu.o
 .debug_line    0x00002d92      0x580 ./Generated_Code/PE_LDD.o
 .debug_line    0x00003312      0x5be ./Generated_Code/SlowSchedulerTimer.o
 .debug_line    0x000038d0      0x49b ./Generated_Code/TU1.o
 .debug_line    0x00003d6b      0x495 ./Generated_Code/TU2.o
 .debug_line    0x00004200      0x5bc ./Generated_Code/ThreadReaderTimer.o
 .debug_line    0x000047bc      0x49c ./Generated_Code/TimerIntLdd1.o
 .debug_line    0x00004c58      0x49b ./Generated_Code/TimerIntLdd2.o
 .debug_line    0x000050f3      0x37d ./Generated_Code/croutine.o
 .debug_line    0x00005470      0x631 ./Generated_Code/heap_1.o
 .debug_line    0x00005aa1      0x34d ./Generated_Code/list.o
 .debug_line    0x00005dee      0x54e ./Generated_Code/port.o
 .debug_line    0x0000633c      0x8e4 ./Generated_Code/queue.o
 .debug_line    0x00006c20      0xf5e ./Generated_Code/tasks.o

.debug_str      0x00000000    0xed1bb
 .debug_str     0x00000000    0x7dcb8 ./Static_Code/System/CPU_Init.o
                              0x7def3 (size before relaxing)
 .debug_str     0x0007dcb8      0x984 ./Static_Code/System/Vectors.o
                              0x7e332 (size before relaxing)
 .debug_str     0x0007e63c    0x6bc65 ./Sources/Events.o
                              0xe85e3 (size before relaxing)
 .debug_str     0x000ea2a1      0x1e2 ./Sources/main.o
                              0xe870e (size before relaxing)
 .debug_str     0x000ea483      0x1f4 ./Project_Settings/Startup_Code/startup.o
                               0x4dac (size before relaxing)
 .debug_str     0x000ea677       0x28 ./Generated_Code/Cpu.o
                              0x7c98a (size before relaxing)
 .debug_str     0x000ea69f      0x191 ./Generated_Code/PE_LDD.o
                              0x7cb12 (size before relaxing)
 .debug_str     0x000ea830       0x5a ./Generated_Code/SlowSchedulerTimer.o
                              0x7c9a1 (size before relaxing)
 .debug_str     0x000ea88a      0x1f3 ./Generated_Code/TU1.o
                              0x76d8b (size before relaxing)
 .debug_str     0x000eaa7d       0x66 ./Generated_Code/TU2.o
                              0x76d8b (size before relaxing)
 .debug_str     0x000eaae3       0x3f ./Generated_Code/ThreadReaderTimer.o
                              0x7c9a0 (size before relaxing)
 .debug_str     0x000eab22       0xbe ./Generated_Code/TimerIntLdd1.o
                              0x76b97 (size before relaxing)
 .debug_str     0x000eabe0       0x61 ./Generated_Code/TimerIntLdd2.o
                              0x76b96 (size before relaxing)
 .debug_str     0x000eac41      0x385 ./Generated_Code/croutine.o
                               0xe9e1 (size before relaxing)
 .debug_str     0x000eafc6      0x127 ./Generated_Code/heap_1.o
                              0x7cb26 (size before relaxing)
 .debug_str     0x000eb0ed       0xad ./Generated_Code/list.o
                              0x102ec (size before relaxing)
 .debug_str     0x000eb19a      0xa27 ./Generated_Code/port.o
                              0x6e0d7 (size before relaxing)
 .debug_str     0x000ebbc1      0x69f ./Generated_Code/queue.o
                              0x119d3 (size before relaxing)
 .debug_str     0x000ec260      0xf5b ./Generated_Code/tasks.o
                              0x7dbde (size before relaxing)

.comment        0x00000000       0x70
 .comment       0x00000000       0x70 ./Static_Code/System/CPU_Init.o
                                 0x71 (size before relaxing)
 .comment       0x00000000       0x71 ./Static_Code/System/Vectors.o
 .comment       0x00000000       0x71 ./Sources/Events.o
 .comment       0x00000000       0x71 ./Sources/main.o
 .comment       0x00000000       0x71 ./Project_Settings/Startup_Code/startup.o
 .comment       0x00000000       0x71 ./Generated_Code/Cpu.o
 .comment       0x00000000       0x71 ./Generated_Code/PE_LDD.o
 .comment       0x00000000       0x71 ./Generated_Code/SlowSchedulerTimer.o
 .comment       0x00000000       0x71 ./Generated_Code/TU1.o
 .comment       0x00000000       0x71 ./Generated_Code/TU2.o
 .comment       0x00000000       0x71 ./Generated_Code/ThreadReaderTimer.o
 .comment       0x00000000       0x71 ./Generated_Code/TimerIntLdd1.o
 .comment       0x00000000       0x71 ./Generated_Code/TimerIntLdd2.o
 .comment       0x00000000       0x71 ./Generated_Code/croutine.o
 .comment       0x00000000       0x71 ./Generated_Code/heap_1.o
 .comment       0x00000000       0x71 ./Generated_Code/list.o
 .comment       0x00000000       0x71 ./Generated_Code/port.o
 .comment       0x00000000       0x71 ./Generated_Code/queue.o
 .comment       0x00000000       0x71 ./Generated_Code/tasks.o

.debug_frame    0x00000000     0x2744
 .debug_frame   0x00000000       0xb8 ./Static_Code/System/CPU_Init.o
 .debug_frame   0x000000b8      0xfd8 ./Static_Code/System/Vectors.o
 .debug_frame   0x00001090       0xf0 ./Sources/Events.o
 .debug_frame   0x00001180      0x12c ./Sources/main.o
 .debug_frame   0x000012ac      0x14c ./Project_Settings/Startup_Code/startup.o
 .debug_frame   0x000013f8       0x58 ./Generated_Code/Cpu.o
 .debug_frame   0x00001450       0x84 ./Generated_Code/PE_LDD.o
 .debug_frame   0x000014d4       0x34 ./Generated_Code/SlowSchedulerTimer.o
 .debug_frame   0x00001508       0x68 ./Generated_Code/TU1.o
 .debug_frame   0x00001570       0x68 ./Generated_Code/TU2.o
 .debug_frame   0x000015d8       0x34 ./Generated_Code/ThreadReaderTimer.o
 .debug_frame   0x0000160c       0x58 ./Generated_Code/TimerIntLdd1.o
 .debug_frame   0x00001664       0x58 ./Generated_Code/TimerIntLdd2.o
 .debug_frame   0x000016bc      0x10c ./Generated_Code/croutine.o
 .debug_frame   0x000017c8       0x9c ./Generated_Code/heap_1.o
 .debug_frame   0x00001864       0xd8 ./Generated_Code/list.o
 .debug_frame   0x0000193c      0x1ec ./Generated_Code/port.o
 .debug_frame   0x00001b28      0x414 ./Generated_Code/queue.o
 .debug_frame   0x00001f3c      0x6fc ./Generated_Code/tasks.o
 .debug_frame   0x00002638       0x34 /usr/local/gcc-arm-none-eabi-4_9-2015q3/bin/../lib/gcc/arm-none-eabi/4.9.3/../../../../arm-none-eabi/lib/armv7e-m/fpu/libg.a(lib_a-memset.o)
 .debug_frame   0x0000266c       0x50 /usr/local/gcc-arm-none-eabi-4_9-2015q3/bin/../lib/gcc/arm-none-eabi/4.9.3/../../../../arm-none-eabi/lib/armv7e-m/fpu/libg.a(lib_a-__call_atexit.o)
 .debug_frame   0x000026bc       0x20 /usr/local/gcc-arm-none-eabi-4_9-2015q3/bin/../lib/gcc/arm-none-eabi/4.9.3/../../../../arm-none-eabi/lib/armv7e-m/fpu/libg.a(lib_a-atexit.o)
 .debug_frame   0x000026dc       0x34 /usr/local/gcc-arm-none-eabi-4_9-2015q3/bin/../lib/gcc/arm-none-eabi/4.9.3/../../../../arm-none-eabi/lib/armv7e-m/fpu/libg.a(lib_a-fini.o)
 .debug_frame   0x00002710       0x34 /usr/local/gcc-arm-none-eabi-4_9-2015q3/bin/../lib/gcc/arm-none-eabi/4.9.3/../../../../arm-none-eabi/lib/armv7e-m/fpu/libg.a(lib_a-__atexit.o)
